Archive member included to satisfy reference by file (symbol)

c:/st/stm32cubeide_1.11.0/stm32cubeide/plugins/com.st.stm32cube.ide.mcu.externaltools.gnu-tools-for-stm32.10.3-2021.10.win32_1.0.100.202210260954/tools/bin/../lib/gcc/arm-none-eabi/10.3.1/../../../../arm-none-eabi/lib/thumb/v7e-m+fp/hard\libc_nano.a(lib_a-errno.o)
                              ./Core/Src/syscalls.o (__errno)
c:/st/stm32cubeide_1.11.0/stm32cubeide/plugins/com.st.stm32cube.ide.mcu.externaltools.gnu-tools-for-stm32.10.3-2021.10.win32_1.0.100.202210260954/tools/bin/../lib/gcc/arm-none-eabi/10.3.1/../../../../arm-none-eabi/lib/thumb/v7e-m+fp/hard\libc_nano.a(lib_a-exit.o)
                              c:/st/stm32cubeide_1.11.0/stm32cubeide/plugins/com.st.stm32cube.ide.mcu.externaltools.gnu-tools-for-stm32.10.3-2021.10.win32_1.0.100.202210260954/tools/bin/../lib/gcc/arm-none-eabi/10.3.1/../../../../arm-none-eabi/lib/thumb/v7e-m+fp/hard/crt0.o (exit)
c:/st/stm32cubeide_1.11.0/stm32cubeide/plugins/com.st.stm32cube.ide.mcu.externaltools.gnu-tools-for-stm32.10.3-2021.10.win32_1.0.100.202210260954/tools/bin/../lib/gcc/arm-none-eabi/10.3.1/../../../../arm-none-eabi/lib/thumb/v7e-m+fp/hard\libc_nano.a(lib_a-impure.o)
                              c:/st/stm32cubeide_1.11.0/stm32cubeide/plugins/com.st.stm32cube.ide.mcu.externaltools.gnu-tools-for-stm32.10.3-2021.10.win32_1.0.100.202210260954/tools/bin/../lib/gcc/arm-none-eabi/10.3.1/../../../../arm-none-eabi/lib/thumb/v7e-m+fp/hard\libc_nano.a(lib_a-exit.o) (_global_impure_ptr)
c:/st/stm32cubeide_1.11.0/stm32cubeide/plugins/com.st.stm32cube.ide.mcu.externaltools.gnu-tools-for-stm32.10.3-2021.10.win32_1.0.100.202210260954/tools/bin/../lib/gcc/arm-none-eabi/10.3.1/../../../../arm-none-eabi/lib/thumb/v7e-m+fp/hard\libc_nano.a(lib_a-init.o)
                              c:/st/stm32cubeide_1.11.0/stm32cubeide/plugins/com.st.stm32cube.ide.mcu.externaltools.gnu-tools-for-stm32.10.3-2021.10.win32_1.0.100.202210260954/tools/bin/../lib/gcc/arm-none-eabi/10.3.1/../../../../arm-none-eabi/lib/thumb/v7e-m+fp/hard/crt0.o (__libc_init_array)
c:/st/stm32cubeide_1.11.0/stm32cubeide/plugins/com.st.stm32cube.ide.mcu.externaltools.gnu-tools-for-stm32.10.3-2021.10.win32_1.0.100.202210260954/tools/bin/../lib/gcc/arm-none-eabi/10.3.1/../../../../arm-none-eabi/lib/thumb/v7e-m+fp/hard\libc_nano.a(lib_a-memset.o)
                              c:/st/stm32cubeide_1.11.0/stm32cubeide/plugins/com.st.stm32cube.ide.mcu.externaltools.gnu-tools-for-stm32.10.3-2021.10.win32_1.0.100.202210260954/tools/bin/../lib/gcc/arm-none-eabi/10.3.1/../../../../arm-none-eabi/lib/thumb/v7e-m+fp/hard/crt0.o (memset)
c:/st/stm32cubeide_1.11.0/stm32cubeide/plugins/com.st.stm32cube.ide.mcu.externaltools.gnu-tools-for-stm32.10.3-2021.10.win32_1.0.100.202210260954/tools/bin/../lib/gcc/arm-none-eabi/10.3.1/thumb/v7e-m+fp/hard\libgcc.a(_arm_muldf3.o)
                              ./Core/Src/main.o (__aeabi_dmul)
c:/st/stm32cubeide_1.11.0/stm32cubeide/plugins/com.st.stm32cube.ide.mcu.externaltools.gnu-tools-for-stm32.10.3-2021.10.win32_1.0.100.202210260954/tools/bin/../lib/gcc/arm-none-eabi/10.3.1/thumb/v7e-m+fp/hard\libgcc.a(_arm_addsubdf3.o)
                              ./Core/Src/main.o (__aeabi_ui2d)
c:/st/stm32cubeide_1.11.0/stm32cubeide/plugins/com.st.stm32cube.ide.mcu.externaltools.gnu-tools-for-stm32.10.3-2021.10.win32_1.0.100.202210260954/tools/bin/../lib/gcc/arm-none-eabi/10.3.1/thumb/v7e-m+fp/hard\libgcc.a(_arm_muldivdf3.o)
                              ./Core/Src/main.o (__aeabi_ddiv)
c:/st/stm32cubeide_1.11.0/stm32cubeide/plugins/com.st.stm32cube.ide.mcu.externaltools.gnu-tools-for-stm32.10.3-2021.10.win32_1.0.100.202210260954/tools/bin/../lib/gcc/arm-none-eabi/10.3.1/thumb/v7e-m+fp/hard\libgcc.a(_arm_fixunsdfsi.o)
                              ./Core/Src/main.o (__aeabi_d2uiz)

Discarded input sections

 .text          0x0000000000000000        0x0 c:/st/stm32cubeide_1.11.0/stm32cubeide/plugins/com.st.stm32cube.ide.mcu.externaltools.gnu-tools-for-stm32.10.3-2021.10.win32_1.0.100.202210260954/tools/bin/../lib/gcc/arm-none-eabi/10.3.1/thumb/v7e-m+fp/hard/crti.o
 .data          0x0000000000000000        0x0 c:/st/stm32cubeide_1.11.0/stm32cubeide/plugins/com.st.stm32cube.ide.mcu.externaltools.gnu-tools-for-stm32.10.3-2021.10.win32_1.0.100.202210260954/tools/bin/../lib/gcc/arm-none-eabi/10.3.1/thumb/v7e-m+fp/hard/crti.o
 .bss           0x0000000000000000        0x0 c:/st/stm32cubeide_1.11.0/stm32cubeide/plugins/com.st.stm32cube.ide.mcu.externaltools.gnu-tools-for-stm32.10.3-2021.10.win32_1.0.100.202210260954/tools/bin/../lib/gcc/arm-none-eabi/10.3.1/thumb/v7e-m+fp/hard/crti.o
 .data          0x0000000000000000        0x4 c:/st/stm32cubeide_1.11.0/stm32cubeide/plugins/com.st.stm32cube.ide.mcu.externaltools.gnu-tools-for-stm32.10.3-2021.10.win32_1.0.100.202210260954/tools/bin/../lib/gcc/arm-none-eabi/10.3.1/thumb/v7e-m+fp/hard/crtbegin.o
[...]
Memory Configuration

Name             Origin             Length             Attributes
CCMRAM           0x0000000010000000 0x0000000000004000 xrw
RAM              0x0000000020000000 0x0000000000010000 xrw
FLASH            0x0000000008000000 0x0000000000080000 xr
*default*        0x0000000000000000 0xffffffffffffffff

Linker script and memory map

LOAD c:/st/stm32cubeide_1.11.0/stm32cubeide/plugins/com.st.stm32cube.ide.mcu.externaltools.gnu-tools-for-stm32.10.3-2021.10.win32_1.0.100.202210260954/tools/bin/../lib/gcc/arm-none-eabi/10.3.1/thumb/v7e-m+fp/hard/crti.o
LOAD c:/st/stm32cubeide_1.11.0/stm32cubeide/plugins/com.st.stm32cube.ide.mcu.externaltools.gnu-tools-for-stm32.10.3-2021.10.win32_1.0.100.202210260954/tools/bin/../lib/gcc/arm-none-eabi/10.3.1/thumb/v7e-m+fp/hard/crtbegin.o
LOAD c:/st/stm32cubeide_1.11.0/stm32cubeide/plugins/com.st.stm32cube.ide.mcu.externaltools.gnu-tools-for-stm32.10.3-2021.10.win32_1.0.100.202210260954/tools/bin/../lib/gcc/arm-none-eabi/10.3.1/../../../../arm-none-eabi/lib/thumb/v7e-m+fp/hard/crt0.o
LOAD ./Core/Src/IQS7211A.o
LOAD ./Core/Src/main.o
LOAD ./Core/Src/mode_emergency.o
LOAD ./Core/Src/mode_flahing.o
LOAD ./Core/Src/mode_mood.o
LOAD ./Core/Src/morse_data.o
LOAD ./Core/Src/stm32f3xx_hal_msp.o
LOAD ./Core/Src/stm32f3xx_it.o
LOAD ./Core/Src/syscalls.o
LOAD ./Core/Src/sysmem.o
LOAD ./Core/Src/system_stm32f3xx.o
LOAD ./Core/Startup/startup_stm32f303retx.o
LOAD ./Drivers/STM32F3xx_HAL_Driver/Src/stm32f3xx_hal.o
LOAD ./Drivers/STM32F3xx_HAL_Driver/Src/stm32f3xx_hal_adc.o
LOAD ./Drivers/STM32F3xx_HAL_Driver/Src/stm32f3xx_hal_adc_ex.o
LOAD ./Drivers/STM32F3xx_HAL_Driver/Src/stm32f3xx_hal_cortex.o
LOAD ./Drivers/STM32F3xx_HAL_Driver/Src/stm32f3xx_hal_dac.o
LOAD ./Drivers/STM32F3xx_HAL_Driver/Src/stm32f3xx_hal_dac_ex.o
LOAD ./Drivers/STM32F3xx_HAL_Driver/Src/stm32f3xx_hal_dma.o
LOAD ./Drivers/STM32F3xx_HAL_Driver/Src/stm32f3xx_hal_exti.o
LOAD ./Drivers/STM32F3xx_HAL_Driver/Src/stm32f3xx_hal_flash.o
LOAD ./Drivers/STM32F3xx_HAL_Driver/Src/stm32f3xx_hal_flash_ex.o
LOAD ./Drivers/STM32F3xx_HAL_Driver/Src/stm32f3xx_hal_gpio.o
LOAD ./Drivers/STM32F3xx_HAL_Driver/Src/stm32f3xx_hal_i2c.o
LOAD ./Drivers/STM32F3xx_HAL_Driver/Src/stm32f3xx_hal_i2c_ex.o
LOAD ./Drivers/STM32F3xx_HAL_Driver/Src/stm32f3xx_hal_pwr.o
LOAD ./Drivers/STM32F3xx_HAL_Driver/Src/stm32f3xx_hal_pwr_ex.o
LOAD ./Drivers/STM32F3xx_HAL_Driver/Src/stm32f3xx_hal_rcc.o
LOAD ./Drivers/STM32F3xx_HAL_Driver/Src/stm32f3xx_hal_rcc_ex.o
LOAD ./Drivers/STM32F3xx_HAL_Driver/Src/stm32f3xx_hal_tim.o
LOAD ./Drivers/STM32F3xx_HAL_Driver/Src/stm32f3xx_hal_tim_ex.o
LOAD ./Drivers/STM32F3xx_HAL_Driver/Src/stm32f3xx_hal_uart.o
LOAD ./Drivers/STM32F3xx_HAL_Driver/Src/stm32f3xx_hal_uart_ex.o
START GROUP
LOAD c:/st/stm32cubeide_1.11.0/stm32cubeide/plugins/com.st.stm32cube.ide.mcu.externaltools.gnu-tools-for-stm32.10.3-2021.10.win32_1.0.100.202210260954/tools/bin/../lib/gcc/arm-none-eabi/10.3.1/../../../../arm-none-eabi/lib/thumb/v7e-m+fp/hard\libc_nano.a
LOAD c:/st/stm32cubeide_1.11.0/stm32cubeide/plugins/com.st.stm32cube.ide.mcu.externaltools.gnu-tools-for-stm32.10.3-2021.10.win32_1.0.100.202210260954/tools/bin/../lib/gcc/arm-none-eabi/10.3.1/../../../../arm-none-eabi/lib/thumb/v7e-m+fp/hard\libm.a
END GROUP
START GROUP
LOAD c:/st/stm32cubeide_1.11.0/stm32cubeide/plugins/com.st.stm32cube.ide.mcu.externaltools.gnu-tools-for-stm32.10.3-2021.10.win32_1.0.100.202210260954/tools/bin/../lib/gcc/arm-none-eabi/10.3.1/thumb/v7e-m+fp/hard\libgcc.a
LOAD c:/st/stm32cubeide_1.11.0/stm32cubeide/plugins/com.st.stm32cube.ide.mcu.externaltools.gnu-tools-for-stm32.10.3-2021.10.win32_1.0.100.202210260954/tools/bin/../lib/gcc/arm-none-eabi/10.3.1/../../../../arm-none-eabi/lib/thumb/v7e-m+fp/hard\libc_nano.a
END GROUP
START GROUP
LOAD c:/st/stm32cubeide_1.11.0/stm32cubeide/plugins/com.st.stm32cube.ide.mcu.externaltools.gnu-tools-for-stm32.10.3-2021.10.win32_1.0.100.202210260954/tools/bin/../lib/gcc/arm-none-eabi/10.3.1/thumb/v7e-m+fp/hard\libgcc.a
LOAD c:/st/stm32cubeide_1.11.0/stm32cubeide/plugins/com.st.stm32cube.ide.mcu.externaltools.gnu-tools-for-stm32.10.3-2021.10.win32_1.0.100.202210260954/tools/bin/../lib/gcc/arm-none-eabi/10.3.1/../../../../arm-none-eabi/lib/thumb/v7e-m+fp/hard\libc_nano.a
LOAD c:/st/stm32cubeide_1.11.0/stm32cubeide/plugins/com.st.stm32cube.ide.mcu.externaltools.gnu-tools-for-stm32.10.3-2021.10.win32_1.0.100.202210260954/tools/bin/../lib/gcc/arm-none-eabi/10.3.1/../../../../arm-none-eabi/lib/thumb/v7e-m+fp/hard\libnosys.a
END GROUP
START GROUP
LOAD c:/st/stm32cubeide_1.11.0/stm32cubeide/plugins/com.st.stm32cube.ide.mcu.externaltools.gnu-tools-for-stm32.10.3-2021.10.win32_1.0.100.202210260954/tools/bin/../lib/gcc/arm-none-eabi/10.3.1/thumb/v7e-m+fp/hard\libgcc.a
LOAD c:/st/stm32cubeide_1.11.0/stm32cubeide/plugins/com.st.stm32cube.ide.mcu.externaltools.gnu-tools-for-stm32.10.3-2021.10.win32_1.0.100.202210260954/tools/bin/../lib/gcc/arm-none-eabi/10.3.1/../../../../arm-none-eabi/lib/thumb/v7e-m+fp/hard\libc_nano.a
LOAD c:/st/stm32cubeide_1.11.0/stm32cubeide/plugins/com.st.stm32cube.ide.mcu.externaltools.gnu-tools-for-stm32.10.3-2021.10.win32_1.0.100.202210260954/tools/bin/../lib/gcc/arm-none-eabi/10.3.1/../../../../arm-none-eabi/lib/thumb/v7e-m+fp/hard\libnosys.a
END GROUP
LOAD c:/st/stm32cubeide_1.11.0/stm32cubeide/plugins/com.st.stm32cube.ide.mcu.externaltools.gnu-tools-for-stm32.10.3-2021.10.win32_1.0.100.202210260954/tools/bin/../lib/gcc/arm-none-eabi/10.3.1/thumb/v7e-m+fp/hard/crtend.o
LOAD c:/st/stm32cubeide_1.11.0/stm32cubeide/plugins/com.st.stm32cube.ide.mcu.externaltools.gnu-tools-for-stm32.10.3-2021.10.win32_1.0.100.202210260954/tools/bin/../lib/gcc/arm-none-eabi/10.3.1/thumb/v7e-m+fp/hard/crtn.o
                0x0000000020010000                _estack = (ORIGIN (RAM) + LENGTH (RAM))
                0x0000000000000200                _Min_Heap_Size = 0x200
                0x0000000000000400                _Min_Stack_Size = 0x400

.isr_vector     0x0000000008000000      0x194
                0x0000000008000000                . = ALIGN (0x4)
 *(.isr_vector)
 .isr_vector    0x0000000008000000      0x194 ./Core/Startup/startup_stm32f303retx.o
                0x0000000008000000                g_pfnVectors
                0x0000000008000194                . = ALIGN (0x4)

.text           0x0000000008000198     0xa9ec
                0x0000000008000198                . = ALIGN (0x4)
 *(.text)
 .text          0x0000000008000198       0x40 c:/st/stm32cubeide_1.11.0/stm32cubeide/plugins/com.st.stm32cube.ide.mcu.externaltools.gnu-tools-for-stm32.10.3-2021.10.win32_1.0.100.202210260954/tools/bin/../lib/gcc/arm-none-eabi/10.3.1/thumb/v7e-m+fp/hard/crtbegin.o
 .text          0x00000000080001d8      0x378 c:/st/stm32cubeide_1.11.0/stm32cubeide/plugins/com.st.stm32cube.ide.mcu.externaltools.gnu-tools-for-stm32.10.3-2021.10.win32_1.0.100.202210260954/tools/bin/../lib/gcc/arm-none-eabi/10.3.1/thumb/v7e-m+fp/hard\libgcc.a(_arm_addsubdf3.o)
                0x00000000080001d8                __aeabi_drsub
                0x00000000080001e0                __aeabi_dsub
                0x00000000080001e0                __subdf3
                0x00000000080001e4                __aeabi_dadd
                0x00000000080001e4                __adddf3
                0x000000000800045c                __floatunsidf
                0x000000000800045c                __aeabi_ui2d
                0x000000000800047c                __floatsidf
                0x000000000800047c                __aeabi_i2d
                0x00000000080004a0                __aeabi_f2d
                0x00000000080004a0                __extendsfdf2
                0x00000000080004e4                __floatundidf
                0x00000000080004e4                __aeabi_ul2d
                0x00000000080004f4                __floatdidf
                0x00000000080004f4                __aeabi_l2d
 .text          0x0000000008000550      0x424 c:/st/stm32cubeide_1.11.0/stm32cubeide/plugins/com.st.stm32cube.ide.mcu.externaltools.gnu-tools-for-stm32.10.3-2021.10.win32_1.0.100.202210260954/tools/bin/../lib/gcc/arm-none-eabi/10.3.1/thumb/v7e-m+fp/hard\libgcc.a(_arm_muldivdf3.o)
                0x0000000008000550                __aeabi_dmul
                0x0000000008000550                __muldf3
                0x00000000080007a4                __divdf3
                0x00000000080007a4                __aeabi_ddiv
 .text          0x0000000008000974       0x40 c:/st/stm32cubeide_1.11.0/stm32cubeide/plugins/com.st.stm32cube.ide.mcu.externaltools.gnu-tools-for-stm32.10.3-2021.10.win32_1.0.100.202210260954/tools/bin/../lib/gcc/arm-none-eabi/10.3.1/thumb/v7e-m+fp/hard\libgcc.a(_arm_fixunsdfsi.o)
                0x0000000008000974                __aeabi_d2uiz
                0x0000000008000974                __fixunsdfsi
 *(.text*)
 .text.getReadyPinState
                0x00000000080009b4       0x18 ./Core/Src/IQS7211A.o
                0x00000000080009b4                getReadyPinState
 .text.hwReset  0x00000000080009cc       0x30 ./Core/Src/IQS7211A.o
                0x00000000080009cc                hwReset
 .text.writeRandomBytes
                0x00000000080009fc       0x70 ./Core/Src/IQS7211A.o
                0x00000000080009fc                writeRandomBytes
 .text.readRandomBytes
                0x0000000008000a6c       0x50 ./Core/Src/IQS7211A.o
                0x0000000008000a6c                readRandomBytes
 .text.readGestureData
                0x0000000008000abc       0x1c ./Core/Src/IQS7211A.o
                0x0000000008000abc                readGestureData
 .text.processGestureData
                0x0000000008000ad8      0x18c ./Core/Src/IQS7211A.o
                0x0000000008000ad8                processGestureData
 .text.getGestureType
                0x0000000008000c64       0x2c ./Core/Src/IQS7211A.o
                0x0000000008000c64                getGestureType
 .text.getGestureCoordinates
                0x0000000008000c90       0x30 ./Core/Src/IQS7211A.o
                0x0000000008000c90                getGestureCoordinates
 .text.getProductNum
                0x0000000008000cc0       0x40 ./Core/Src/IQS7211A.o
                0x0000000008000cc0                getProductNum
 .text.checkReset
                0x0000000008000d00       0x28 ./Core/Src/IQS7211A.o
                0x0000000008000d00                checkReset
 .text.swReset  0x0000000008000d28       0x30 ./Core/Src/IQS7211A.o
                0x0000000008000d28                swReset
 .text.acknowledgeReset
                0x0000000008000d58       0x30 ./Core/Src/IQS7211A.o
                0x0000000008000d58                acknowledgeReset
 .text.getSoftwareMajorNum
                0x0000000008000d88       0x1c ./Core/Src/IQS7211A.o
                0x0000000008000d88                getSoftwareMajorNum
 .text.getSoftwareMinorNum
                0x0000000008000da4       0x1c ./Core/Src/IQS7211A.o
                0x0000000008000da4                getSoftwareMinorNum
 .text.TP_ReATI
                0x0000000008000dc0       0x30 ./Core/Src/IQS7211A.o
                0x0000000008000dc0                TP_ReATI
 .text.enableGestureEvent
                0x0000000008000df0       0x30 ./Core/Src/IQS7211A.o
                0x0000000008000df0                enableGestureEvent
 .text.enableGestures
                0x0000000008000e20       0x30 ./Core/Src/IQS7211A.o
                0x0000000008000e20                enableGestures
 .text.enableTPEvent
                0x0000000008000e50       0x30 ./Core/Src/IQS7211A.o
                0x0000000008000e50                enableTPEvent
 .text.writeMM  0x0000000008000e80      0x356 ./Core/Src/IQS7211A.o
                0x0000000008000e80                writeMM
 *fill*         0x00000000080011d6        0x2 
 .text.main     0x00000000080011d8      0x714 ./Core/Src/main.o
                0x00000000080011d8                main
 .text.SystemClock_Config
                0x00000000080018ec       0xe0 ./Core/Src/main.o
                0x00000000080018ec                SystemClock_Config
 .text.MX_ADC1_Init
                0x00000000080019cc       0xe0 ./Core/Src/main.o
 .text.MX_DAC1_Init
                0x0000000008001aac       0x54 ./Core/Src/main.o
 .text.MX_I2C1_Init
                0x0000000008001b00       0x80 ./Core/Src/main.o
 .text.MX_TIM1_Init
                0x0000000008001b80      0x120 ./Core/Src/main.o
 .text.MX_TIM2_Init
                0x0000000008001ca0      0x118 ./Core/Src/main.o
 .text.MX_TIM4_Init
                0x0000000008001db8       0x9c ./Core/Src/main.o
 .text.MX_TIM15_Init
                0x0000000008001e54      0x148 ./Core/Src/main.o
 .text.MX_TIM16_Init
                0x0000000008001f9c       0xf4 ./Core/Src/main.o
 .text.MX_USART2_UART_Init
                0x0000000008002090       0x64 ./Core/Src/main.o
 .text.MX_GPIO_Init
                0x00000000080020f4      0x188 ./Core/Src/main.o
 .text.HAL_GPIO_EXTI_Callback
                0x000000000800227c       0x78 ./Core/Src/main.o
                0x000000000800227c                HAL_GPIO_EXTI_Callback
 .text.HAL_UART_RxCpltCallback
                0x00000000080022f4       0xac ./Core/Src/main.o
                0x00000000080022f4                HAL_UART_RxCpltCallback
 .text.initTrackpad
                0x00000000080023a0       0x80 ./Core/Src/main.o
                0x00000000080023a0                initTrackpad
 .text.Error_Handler
                0x0000000008002420        0xe ./Core/Src/main.o
                0x0000000008002420                Error_Handler
 *fill*         0x000000000800242e        0x2 
 .text.STATE3_SetIntensity
                0x0000000008002430       0x28 ./Core/Src/mode_emergency.o
                0x0000000008002430                STATE3_SetIntensity
 .text.STATE3_ApplySettings
                0x0000000008002458       0xa8 ./Core/Src/mode_emergency.o
                0x0000000008002458                STATE3_ApplySettings
 .text.STATE3_OnEnter
                0x0000000008002500       0x70 ./Core/Src/mode_emergency.o
                0x0000000008002500                STATE3_OnEnter
 .text.STATE3_OnEnterUart
                0x0000000008002570        0xe ./Core/Src/mode_emergency.o
                0x0000000008002570                STATE3_OnEnterUart
 *fill*         0x000000000800257e        0x2 
 .text.STATE3_OnExit
                0x0000000008002580       0x48 ./Core/Src/mode_emergency.o
                0x0000000008002580                STATE3_OnExit
 .text.STATE3_OnInit
                0x00000000080025c8       0x50 ./Core/Src/mode_emergency.o
                0x00000000080025c8                STATE3_OnInit
 .text.STATE3_OnButtonEvt
                0x0000000008002618      0x124 ./Core/Src/mode_emergency.o
                0x0000000008002618                STATE3_OnButtonEvt
 .text.STATE3_SetConfig
                0x000000000800273c      0x1dc ./Core/Src/mode_emergency.o
                0x000000000800273c                STATE3_SetConfig
 .text.STATE3_GetConfig
                0x0000000008002918      0x248 ./Core/Src/mode_emergency.o
                0x0000000008002918                STATE3_GetConfig
 .text.STATE3_SliderVal
                0x0000000008002b60       0x1a ./Core/Src/mode_emergency.o
                0x0000000008002b60                STATE3_SliderVal
 *fill*         0x0000000008002b7a        0x2 
 .text.STATE3_OnHold
                0x0000000008002b7c       0x6c ./Core/Src/mode_emergency.o
                0x0000000008002b7c                STATE3_OnHold
 .text.STATE3_OnSlide
                0x0000000008002be8       0x30 ./Core/Src/mode_emergency.o
                0x0000000008002be8                STATE3_OnSlide
 .text.STATE3_OnTap
                0x0000000008002c18       0xac ./Core/Src/mode_emergency.o
                0x0000000008002c18                STATE3_OnTap
 .text.STATE3_Housekeep
                0x0000000008002cc4      0x16c ./Core/Src/mode_emergency.o
                0x0000000008002cc4                STATE3_Housekeep
 .text.activateMorseMode
                0x0000000008002e30       0xa4 ./Core/Src/mode_emergency.o
                0x0000000008002e30                activateMorseMode
 .text.activateStrobeMode
                0x0000000008002ed4       0x38 ./Core/Src/mode_emergency.o
                0x0000000008002ed4                activateStrobeMode
 .text.updateMorseBinary
                0x0000000008002f0c       0xcc ./Core/Src/mode_emergency.o
                0x0000000008002f0c                updateMorseBinary
 .text.STATE1_ApplySettings
                0x0000000008002fd8       0x90 ./Core/Src/mode_flahing.o
                0x0000000008002fd8                STATE1_ApplySettings
 .text.STATE1_OnEnter
                0x0000000008003068       0x44 ./Core/Src/mode_flahing.o
                0x0000000008003068                STATE1_OnEnter
 .text.STATE1_OnExit
                0x00000000080030ac       0x44 ./Core/Src/mode_flahing.o
                0x00000000080030ac                STATE1_OnExit
 .text.STATE1_SetConfig
                0x00000000080030f0       0xf8 ./Core/Src/mode_flahing.o
                0x00000000080030f0                STATE1_SetConfig
 .text.STATE1_GetConfig
                0x00000000080031e8      0x110 ./Core/Src/mode_flahing.o
                0x00000000080031e8                STATE1_GetConfig
 .text.STATE1_OnInit
                0x00000000080032f8       0x24 ./Core/Src/mode_flahing.o
                0x00000000080032f8                STATE1_OnInit
 .text.STATE1_OnButtonEvt
                0x000000000800331c       0x4c ./Core/Src/mode_flahing.o
                0x000000000800331c                STATE1_OnButtonEvt
 .text.STATE1_OnHold
                0x0000000008003368       0x30 ./Core/Src/mode_flahing.o
                0x0000000008003368                STATE1_OnHold
 .text.STATE1_SliderVal
                0x0000000008003398       0x20 ./Core/Src/mode_flahing.o
                0x0000000008003398                STATE1_SliderVal
 .text.STATE1_Housekeep
                0x00000000080033b8        0xe ./Core/Src/mode_flahing.o
                0x00000000080033b8                STATE1_Housekeep
 .text.STATE1_OnTap
                0x00000000080033c6       0x1c ./Core/Src/mode_flahing.o
                0x00000000080033c6                STATE1_OnTap
 *fill*         0x00000000080033e2        0x2 
 .text.STATE1_OnSlide
                0x00000000080033e4       0x30 ./Core/Src/mode_flahing.o
                0x00000000080033e4                STATE1_OnSlide
 .text.STATE1_OnEnterUart
                0x0000000008003414        0xe ./Core/Src/mode_flahing.o
                0x0000000008003414                STATE1_OnEnterUart
 *fill*         0x0000000008003422        0x2 
 .text.STATE1_SetIntensity
                0x0000000008003424       0x20 ./Core/Src/mode_flahing.o
                0x0000000008003424                STATE1_SetIntensity
 .text.STATE2_OnEnter
                0x0000000008003444       0x48 ./Core/Src/mode_mood.o
                0x0000000008003444                STATE2_OnEnter
 .text.STATE2_OnEnterUart
                0x000000000800348c        0xe ./Core/Src/mode_mood.o
                0x000000000800348c                STATE2_OnEnterUart
 *fill*         0x000000000800349a        0x2 
 .text.STATE2_OnExit
                0x000000000800349c       0x34 ./Core/Src/mode_mood.o
                0x000000000800349c                STATE2_OnExit
 .text.STATE2_OnButtonEvt
                0x00000000080034d0       0x8c ./Core/Src/mode_mood.o
                0x00000000080034d0                STATE2_OnButtonEvt
 .text.STATE2_OnInit
                0x000000000800355c       0x44 ./Core/Src/mode_mood.o
                0x000000000800355c                STATE2_OnInit
 .text.STATE2_SetConfig
                0x00000000080035a0      0x178 ./Core/Src/mode_mood.o
                0x00000000080035a0                STATE2_SetConfig
 .text.STATE2_GetConfig
                0x0000000008003718      0x1e4 ./Core/Src/mode_mood.o
                0x0000000008003718                STATE2_GetConfig
 .text.STATE2_SliderVal
                0x00000000080038fc       0x14 ./Core/Src/mode_mood.o
                0x00000000080038fc                STATE2_SliderVal
 .text.STATE2_ApplySettings
                0x0000000008003910       0x34 ./Core/Src/mode_mood.o
                0x0000000008003910                STATE2_ApplySettings
 .text.STATE2_OnHold
                0x0000000008003944       0x70 ./Core/Src/mode_mood.o
                0x0000000008003944                STATE2_OnHold
 .text.STATE2_OnTap
                0x00000000080039b4       0xc8 ./Core/Src/mode_mood.o
                0x00000000080039b4                STATE2_OnTap
 .text.STATE2_OnSlide
                0x0000000008003a7c       0x16 ./Core/Src/mode_mood.o
                0x0000000008003a7c                STATE2_OnSlide
 .text.STATE2_SetIntensity
                0x0000000008003a92       0x16 ./Core/Src/mode_mood.o
                0x0000000008003a92                STATE2_SetIntensity
 .text.STATE2_Housekeep
                0x0000000008003aa8        0xe ./Core/Src/mode_mood.o
                0x0000000008003aa8                STATE2_Housekeep
 *fill*         0x0000000008003ab6        0x2 
 .text.HAL_MspInit
                0x0000000008003ab8       0x48 ./Core/Src/stm32f3xx_hal_msp.o
                0x0000000008003ab8                HAL_MspInit
 .text.HAL_ADC_MspInit
                0x0000000008003b00       0x78 ./Core/Src/stm32f3xx_hal_msp.o
                0x0000000008003b00                HAL_ADC_MspInit
 .text.HAL_DAC_MspInit
                0x0000000008003b78       0x7c ./Core/Src/stm32f3xx_hal_msp.o
                0x0000000008003b78                HAL_DAC_MspInit
 .text.HAL_I2C_MspInit
                0x0000000008003bf4       0x88 ./Core/Src/stm32f3xx_hal_msp.o
                0x0000000008003bf4                HAL_I2C_MspInit
 .text.HAL_TIM_PWM_MspInit
                0x0000000008003c7c       0x40 ./Core/Src/stm32f3xx_hal_msp.o
                0x0000000008003c7c                HAL_TIM_PWM_MspInit
 .text.HAL_TIM_Base_MspInit
                0x0000000008003cbc       0xb4 ./Core/Src/stm32f3xx_hal_msp.o
                0x0000000008003cbc                HAL_TIM_Base_MspInit
 .text.HAL_TIM_MspPostInit
                0x0000000008003d70      0x1ac ./Core/Src/stm32f3xx_hal_msp.o
                0x0000000008003d70                HAL_TIM_MspPostInit
 .text.HAL_UART_MspInit
                0x0000000008003f1c       0x94 ./Core/Src/stm32f3xx_hal_msp.o
                0x0000000008003f1c                HAL_UART_MspInit
 .text.NMI_Handler
                0x0000000008003fb0        0xe ./Core/Src/stm32f3xx_it.o
                0x0000000008003fb0                NMI_Handler
 .text.HardFault_Handler
                0x0000000008003fbe        0x6 ./Core/Src/stm32f3xx_it.o
                0x0000000008003fbe                HardFault_Handler
 .text.MemManage_Handler
                0x0000000008003fc4        0x6 ./Core/Src/stm32f3xx_it.o
                0x0000000008003fc4                MemManage_Handler
 .text.BusFault_Handler
                0x0000000008003fca        0x6 ./Core/Src/stm32f3xx_it.o
                0x0000000008003fca                BusFault_Handler
 .text.UsageFault_Handler
                0x0000000008003fd0        0x6 ./Core/Src/stm32f3xx_it.o
                0x0000000008003fd0                UsageFault_Handler
 .text.SVC_Handler
                0x0000000008003fd6        0xe ./Core/Src/stm32f3xx_it.o
                0x0000000008003fd6                SVC_Handler
 .text.DebugMon_Handler
                0x0000000008003fe4        0xe ./Core/Src/stm32f3xx_it.o
                0x0000000008003fe4                DebugMon_Handler
 .text.PendSV_Handler
                0x0000000008003ff2        0xe ./Core/Src/stm32f3xx_it.o
                0x0000000008003ff2                PendSV_Handler
 .text.SysTick_Handler
                0x0000000008004000        0xc ./Core/Src/stm32f3xx_it.o
                0x0000000008004000                SysTick_Handler
 .text.EXTI9_5_IRQHandler
                0x000000000800400c       0x1e ./Core/Src/stm32f3xx_it.o
                0x000000000800400c                EXTI9_5_IRQHandler
 *fill*         0x000000000800402a        0x2 
 .text.USART2_IRQHandler
                0x000000000800402c       0x14 ./Core/Src/stm32f3xx_it.o
                0x000000000800402c                USART2_IRQHandler
 .text.EXTI15_10_IRQHandler
                0x0000000008004040       0x18 ./Core/Src/stm32f3xx_it.o
                0x0000000008004040                EXTI15_10_IRQHandler
 .text.SystemInit
                0x0000000008004058       0x24 ./Core/Src/system_stm32f3xx.o
                0x0000000008004058                SystemInit
 .text.Reset_Handler
                0x000000000800407c       0x50 ./Core/Startup/startup_stm32f303retx.o
                0x000000000800407c                Reset_Handler
 .text.Default_Handler
                0x00000000080040cc        0x2 ./Core/Startup/startup_stm32f303retx.o
                0x00000000080040cc                RTC_Alarm_IRQHandler
                0x00000000080040cc                TIM8_TRG_COM_IRQHandler
                0x00000000080040cc                TIM8_CC_IRQHandler
                0x00000000080040cc                SPI4_IRQHandler
                0x00000000080040cc                TIM1_CC_IRQHandler
                0x00000000080040cc                USB_HP_IRQHandler
                0x00000000080040cc                PVD_IRQHandler
                0x00000000080040cc                TAMP_STAMP_IRQHandler
                0x00000000080040cc                EXTI3_IRQHandler
                0x00000000080040cc                I2C3_ER_IRQHandler
                0x00000000080040cc                USB_HP_CAN_TX_IRQHandler
                0x00000000080040cc                EXTI0_IRQHandler
                0x00000000080040cc                I2C2_EV_IRQHandler
                0x00000000080040cc                FPU_IRQHandler
                0x00000000080040cc                TIM1_UP_TIM16_IRQHandler
                0x00000000080040cc                ADC1_2_IRQHandler
                0x00000000080040cc                SPI1_IRQHandler
                0x00000000080040cc                CAN_SCE_IRQHandler
                0x00000000080040cc                TIM6_DAC_IRQHandler
                0x00000000080040cc                TIM8_UP_IRQHandler
                0x00000000080040cc                DMA2_Channel2_IRQHandler
                0x00000000080040cc                DMA1_Channel4_IRQHandler
                0x00000000080040cc                TIM20_TRG_COM_IRQHandler
                0x00000000080040cc                USART3_IRQHandler
                0x00000000080040cc                DMA1_Channel7_IRQHandler
                0x00000000080040cc                UART5_IRQHandler
                0x00000000080040cc                ADC3_IRQHandler
                0x00000000080040cc                TIM4_IRQHandler
                0x00000000080040cc                CAN_RX1_IRQHandler
                0x00000000080040cc                DMA2_Channel1_IRQHandler
                0x00000000080040cc                I2C1_EV_IRQHandler
                0x00000000080040cc                DMA1_Channel6_IRQHandler
                0x00000000080040cc                UART4_IRQHandler
                0x00000000080040cc                DMA2_Channel4_IRQHandler
                0x00000000080040cc                TIM3_IRQHandler
                0x00000000080040cc                RCC_IRQHandler
                0x00000000080040cc                TIM20_UP_IRQHandler
                0x00000000080040cc                DMA1_Channel1_IRQHandler
                0x00000000080040cc                Default_Handler
                0x00000000080040cc                USBWakeUp_RMP_IRQHandler
                0x00000000080040cc                TIM7_IRQHandler
                0x00000000080040cc                I2C3_EV_IRQHandler
                0x00000000080040cc                RTC_WKUP_IRQHandler
                0x00000000080040cc                SPI2_IRQHandler
                0x00000000080040cc                USB_LP_CAN_RX0_IRQHandler
                0x00000000080040cc                DMA2_Channel5_IRQHandler
                0x00000000080040cc                DMA1_Channel5_IRQHandler
                0x00000000080040cc                USB_LP_IRQHandler
                0x00000000080040cc                EXTI4_IRQHandler
                0x00000000080040cc                TIM1_TRG_COM_TIM17_IRQHandler
                0x00000000080040cc                DMA1_Channel3_IRQHandler
                0x00000000080040cc                ADC4_IRQHandler
                0x00000000080040cc                WWDG_IRQHandler
                0x00000000080040cc                TIM2_IRQHandler
                0x00000000080040cc                COMP7_IRQHandler
                0x00000000080040cc                COMP1_2_3_IRQHandler
                0x00000000080040cc                EXTI1_IRQHandler
                0x00000000080040cc                COMP4_5_6_IRQHandler
                0x00000000080040cc                TIM20_BRK_IRQHandler
                0x00000000080040cc                I2C2_ER_IRQHandler
                0x00000000080040cc                DMA1_Channel2_IRQHandler
                0x00000000080040cc                TIM8_BRK_IRQHandler
                0x00000000080040cc                FLASH_IRQHandler
                0x00000000080040cc                TIM20_CC_IRQHandler
                0x00000000080040cc                USART1_IRQHandler
                0x00000000080040cc                SPI3_IRQHandler
                0x00000000080040cc                I2C1_ER_IRQHandler
                0x00000000080040cc                FMC_IRQHandler
                0x00000000080040cc                USBWakeUp_IRQHandler
                0x00000000080040cc                DMA2_Channel3_IRQHandler
                0x00000000080040cc                EXTI2_TSC_IRQHandler
                0x00000000080040cc                TIM1_BRK_TIM15_IRQHandler
 *fill*         0x00000000080040ce        0x2 
 .text.HAL_Init
                0x00000000080040d0       0x2c ./Drivers/STM32F3xx_HAL_Driver/Src/stm32f3xx_hal.o
                0x00000000080040d0                HAL_Init
 .text.HAL_InitTick
                0x00000000080040fc       0x60 ./Drivers/STM32F3xx_HAL_Driver/Src/stm32f3xx_hal.o
                0x00000000080040fc                HAL_InitTick
 .text.HAL_IncTick
                0x000000000800415c       0x28 ./Drivers/STM32F3xx_HAL_Driver/Src/stm32f3xx_hal.o
                0x000000000800415c                HAL_IncTick
 .text.HAL_GetTick
                0x0000000008004184       0x18 ./Drivers/STM32F3xx_HAL_Driver/Src/stm32f3xx_hal.o
                0x0000000008004184                HAL_GetTick
 .text.HAL_Delay
                0x000000000800419c       0x48 ./Drivers/STM32F3xx_HAL_Driver/Src/stm32f3xx_hal.o
                0x000000000800419c                HAL_Delay
 .text.HAL_ADC_Init
                0x00000000080041e4      0x3f4 ./Drivers/STM32F3xx_HAL_Driver/Src/stm32f3xx_hal_adc_ex.o
                0x00000000080041e4                HAL_ADC_Init
 .text.HAL_ADC_Start
                0x00000000080045d8      0x22c ./Drivers/STM32F3xx_HAL_Driver/Src/stm32f3xx_hal_adc_ex.o
                0x00000000080045d8                HAL_ADC_Start
 .text.HAL_ADC_PollForConversion
                0x0000000008004804      0x204 ./Drivers/STM32F3xx_HAL_Driver/Src/stm32f3xx_hal_adc_ex.o
                0x0000000008004804                HAL_ADC_PollForConversion
 .text.HAL_ADC_GetValue
                0x0000000008004a08       0x1a ./Drivers/STM32F3xx_HAL_Driver/Src/stm32f3xx_hal_adc_ex.o
                0x0000000008004a08                HAL_ADC_GetValue
 .text.HAL_ADCEx_Calibration_Start
                0x0000000008004a22       0xe4 ./Drivers/STM32F3xx_HAL_Driver/Src/stm32f3xx_hal_adc_ex.o
                0x0000000008004a22                HAL_ADCEx_Calibration_Start
 *fill*         0x0000000008004b06        0x2 
 .text.HAL_ADC_ConfigChannel
                0x0000000008004b08      0x5d8 ./Drivers/STM32F3xx_HAL_Driver/Src/stm32f3xx_hal_adc_ex.o
                0x0000000008004b08                HAL_ADC_ConfigChannel
 .text.HAL_ADCEx_MultiModeConfigChannel
                0x00000000080050e0      0x1e4 ./Drivers/STM32F3xx_HAL_Driver/Src/stm32f3xx_hal_adc_ex.o
                0x00000000080050e0                HAL_ADCEx_MultiModeConfigChannel
 .text.ADC_Enable
                0x00000000080052c4       0xc8 ./Drivers/STM32F3xx_HAL_Driver/Src/stm32f3xx_hal_adc_ex.o
 .text.ADC_Disable
                0x000000000800538c       0xcc ./Drivers/STM32F3xx_HAL_Driver/Src/stm32f3xx_hal_adc_ex.o
 .text.__NVIC_SetPriorityGrouping
                0x0000000008005458       0x48 ./Drivers/STM32F3xx_HAL_Driver/Src/stm32f3xx_hal_cortex.o
 .text.__NVIC_GetPriorityGrouping
                0x00000000080054a0       0x1c ./Drivers/STM32F3xx_HAL_Driver/Src/stm32f3xx_hal_cortex.o
 .text.__NVIC_EnableIRQ
                0x00000000080054bc       0x3c ./Drivers/STM32F3xx_HAL_Driver/Src/stm32f3xx_hal_cortex.o
 .text.__NVIC_SetPriority
                0x00000000080054f8       0x54 ./Drivers/STM32F3xx_HAL_Driver/Src/stm32f3xx_hal_cortex.o
 .text.NVIC_EncodePriority
                0x000000000800554c       0x66 ./Drivers/STM32F3xx_HAL_Driver/Src/stm32f3xx_hal_cortex.o
 *fill*         0x00000000080055b2        0x2 
 .text.SysTick_Config
                0x00000000080055b4       0x44 ./Drivers/STM32F3xx_HAL_Driver/Src/stm32f3xx_hal_cortex.o
 .text.HAL_NVIC_SetPriorityGrouping
                0x00000000080055f8       0x16 ./Drivers/STM32F3xx_HAL_Driver/Src/stm32f3xx_hal_cortex.o
                0x00000000080055f8                HAL_NVIC_SetPriorityGrouping
 .text.HAL_NVIC_SetPriority
                0x000000000800560e       0x38 ./Drivers/STM32F3xx_HAL_Driver/Src/stm32f3xx_hal_cortex.o
                0x000000000800560e                HAL_NVIC_SetPriority
 .text.HAL_NVIC_EnableIRQ
                0x0000000008005646       0x1c ./Drivers/STM32F3xx_HAL_Driver/Src/stm32f3xx_hal_cortex.o
                0x0000000008005646                HAL_NVIC_EnableIRQ
 .text.HAL_SYSTICK_Config
                0x0000000008005662       0x18 ./Drivers/STM32F3xx_HAL_Driver/Src/stm32f3xx_hal_cortex.o
                0x0000000008005662                HAL_SYSTICK_Config
 .text.HAL_DAC_Init
                0x000000000800567a       0x44 ./Drivers/STM32F3xx_HAL_Driver/Src/stm32f3xx_hal_dac.o
                0x000000000800567a                HAL_DAC_Init
 .text.HAL_DAC_SetValue
                0x00000000080056be       0x4a ./Drivers/STM32F3xx_HAL_Driver/Src/stm32f3xx_hal_dac_ex.o
                0x00000000080056be                HAL_DAC_SetValue
 .text.HAL_DAC_Start
                0x0000000008005708       0x96 ./Drivers/STM32F3xx_HAL_Driver/Src/stm32f3xx_hal_dac_ex.o
                0x0000000008005708                HAL_DAC_Start
 .text.HAL_DAC_ConfigChannel
                0x000000000800579e       0x9a ./Drivers/STM32F3xx_HAL_Driver/Src/stm32f3xx_hal_dac_ex.o
                0x000000000800579e                HAL_DAC_ConfigChannel
 .text.HAL_DMA_Abort
                0x0000000008005838       0x72 ./Drivers/STM32F3xx_HAL_Driver/Src/stm32f3xx_hal_dma.o
                0x0000000008005838                HAL_DMA_Abort
 .text.HAL_DMA_Abort_IT
                0x00000000080058aa       0x7c ./Drivers/STM32F3xx_HAL_Driver/Src/stm32f3xx_hal_dma.o
                0x00000000080058aa                HAL_DMA_Abort_IT
 *fill*         0x0000000008005926        0x2 
 .text.HAL_GPIO_Init
                0x0000000008005928      0x314 ./Drivers/STM32F3xx_HAL_Driver/Src/stm32f3xx_hal_gpio.o
                0x0000000008005928                HAL_GPIO_Init
 .text.HAL_GPIO_ReadPin
                0x0000000008005c3c       0x30 ./Drivers/STM32F3xx_HAL_Driver/Src/stm32f3xx_hal_gpio.o
                0x0000000008005c3c                HAL_GPIO_ReadPin
 .text.HAL_GPIO_WritePin
                0x0000000008005c6c       0x30 ./Drivers/STM32F3xx_HAL_Driver/Src/stm32f3xx_hal_gpio.o
                0x0000000008005c6c                HAL_GPIO_WritePin
 .text.HAL_GPIO_EXTI_IRQHandler
                0x0000000008005c9c       0x30 ./Drivers/STM32F3xx_HAL_Driver/Src/stm32f3xx_hal_gpio.o
                0x0000000008005c9c                HAL_GPIO_EXTI_IRQHandler
 .text.HAL_I2C_Init
                0x0000000008005ccc      0x11e ./Drivers/STM32F3xx_HAL_Driver/Src/stm32f3xx_hal_i2c.o
                0x0000000008005ccc                HAL_I2C_Init
 *fill*         0x0000000008005dea        0x2 
 .text.HAL_I2C_Mem_Write
                0x0000000008005dec      0x228 ./Drivers/STM32F3xx_HAL_Driver/Src/stm32f3xx_hal_i2c.o
                0x0000000008005dec                HAL_I2C_Mem_Write
 .text.HAL_I2C_Mem_Read
                0x0000000008006014      0x234 ./Drivers/STM32F3xx_HAL_Driver/Src/stm32f3xx_hal_i2c.o
                0x0000000008006014                HAL_I2C_Mem_Read
 .text.I2C_RequestMemoryWrite
                0x0000000008006248       0xa8 ./Drivers/STM32F3xx_HAL_Driver/Src/stm32f3xx_hal_i2c.o
 .text.I2C_RequestMemoryRead
                0x00000000080062f0       0xa8 ./Drivers/STM32F3xx_HAL_Driver/Src/stm32f3xx_hal_i2c.o
 .text.I2C_Flush_TXDR
                0x0000000008006398       0x48 ./Drivers/STM32F3xx_HAL_Driver/Src/stm32f3xx_hal_i2c.o
 .text.I2C_WaitOnFlagUntilTimeout
                0x00000000080063e0       0x9e ./Drivers/STM32F3xx_HAL_Driver/Src/stm32f3xx_hal_i2c.o
 .text.I2C_WaitOnTXISFlagUntilTimeout
                0x000000000800647e       0x8e ./Drivers/STM32F3xx_HAL_Driver/Src/stm32f3xx_hal_i2c.o
 .text.I2C_WaitOnSTOPFlagUntilTimeout
                0x000000000800650c       0x86 ./Drivers/STM32F3xx_HAL_Driver/Src/stm32f3xx_hal_i2c.o
 *fill*         0x0000000008006592        0x2 
 .text.I2C_IsErrorOccurred
                0x0000000008006594      0x1c0 ./Drivers/STM32F3xx_HAL_Driver/Src/stm32f3xx_hal_i2c.o
 .text.I2C_TransferConfig
                0x0000000008006754       0x64 ./Drivers/STM32F3xx_HAL_Driver/Src/stm32f3xx_hal_i2c.o
 .text.HAL_I2CEx_ConfigAnalogFilter
                0x00000000080067b8       0x96 ./Drivers/STM32F3xx_HAL_Driver/Src/stm32f3xx_hal_i2c_ex.o
                0x00000000080067b8                HAL_I2CEx_ConfigAnalogFilter
 .text.HAL_I2CEx_ConfigDigitalFilter
                0x000000000800684e       0x98 ./Drivers/STM32F3xx_HAL_Driver/Src/stm32f3xx_hal_i2c_ex.o
                0x000000000800684e                HAL_I2CEx_ConfigDigitalFilter
 *fill*         0x00000000080068e6        0x2 
 .text.HAL_RCC_OscConfig
                0x00000000080068e8     0x10a8 ./Drivers/STM32F3xx_HAL_Driver/Src/stm32f3xx_hal_rcc.o
                0x00000000080068e8                HAL_RCC_OscConfig
 .text.HAL_RCC_ClockConfig
                0x0000000008007990      0x2f8 ./Drivers/STM32F3xx_HAL_Driver/Src/stm32f3xx_hal_rcc.o
                0x0000000008007990                HAL_RCC_ClockConfig
 .text.HAL_RCC_GetSysClockFreq
                0x0000000008007c88       0xd4 ./Drivers/STM32F3xx_HAL_Driver/Src/stm32f3xx_hal_rcc.o
                0x0000000008007c88                HAL_RCC_GetSysClockFreq
 .text.HAL_RCC_GetHCLKFreq
                0x0000000008007d5c       0x18 ./Drivers/STM32F3xx_HAL_Driver/Src/stm32f3xx_hal_rcc.o
                0x0000000008007d5c                HAL_RCC_GetHCLKFreq
 .text.HAL_RCC_GetPCLK1Freq
                0x0000000008007d74       0x44 ./Drivers/STM32F3xx_HAL_Driver/Src/stm32f3xx_hal_rcc.o
                0x0000000008007d74                HAL_RCC_GetPCLK1Freq
 .text.HAL_RCC_GetPCLK2Freq
                0x0000000008007db8       0x44 ./Drivers/STM32F3xx_HAL_Driver/Src/stm32f3xx_hal_rcc.o
                0x0000000008007db8                HAL_RCC_GetPCLK2Freq
 .text.HAL_RCCEx_PeriphCLKConfig
                0x0000000008007dfc      0x43c ./Drivers/STM32F3xx_HAL_Driver/Src/stm32f3xx_hal_rcc_ex.o
                0x0000000008007dfc                HAL_RCCEx_PeriphCLKConfig
 .text.HAL_TIM_Base_Init
                0x0000000008008238       0xae ./Drivers/STM32F3xx_HAL_Driver/Src/stm32f3xx_hal_tim.o
                0x0000000008008238                HAL_TIM_Base_Init
 .text.HAL_TIM_PWM_Init
                0x00000000080082e6       0xae ./Drivers/STM32F3xx_HAL_Driver/Src/stm32f3xx_hal_tim.o
                0x00000000080082e6                HAL_TIM_PWM_Init
 .text.HAL_TIM_PWM_Start
                0x0000000008008394      0x218 ./Drivers/STM32F3xx_HAL_Driver/Src/stm32f3xx_hal_tim.o
                0x0000000008008394                HAL_TIM_PWM_Start
 .text.HAL_TIM_PWM_Stop
                0x00000000080085ac      0x138 ./Drivers/STM32F3xx_HAL_Driver/Src/stm32f3xx_hal_tim.o
                0x00000000080085ac                HAL_TIM_PWM_Stop
 .text.HAL_TIM_PWM_ConfigChannel
                0x00000000080086e4      0x228 ./Drivers/STM32F3xx_HAL_Driver/Src/stm32f3xx_hal_tim.o
                0x00000000080086e4                HAL_TIM_PWM_ConfigChannel
 .text.HAL_TIM_ConfigClockSource
                0x000000000800890c      0x192 ./Drivers/STM32F3xx_HAL_Driver/Src/stm32f3xx_hal_tim.o
                0x000000000800890c                HAL_TIM_ConfigClockSource
 *fill*         0x0000000008008a9e        0x2 
 .text.TIM_Base_SetConfig
                0x0000000008008aa0      0x13c ./Drivers/STM32F3xx_HAL_Driver/Src/stm32f3xx_hal_tim.o
                0x0000000008008aa0                TIM_Base_SetConfig
 .text.TIM_OC1_SetConfig
                0x0000000008008bdc      0x134 ./Drivers/STM32F3xx_HAL_Driver/Src/stm32f3xx_hal_tim.o
 .text.TIM_OC2_SetConfig
                0x0000000008008d10      0x128 ./Drivers/STM32F3xx_HAL_Driver/Src/stm32f3xx_hal_tim.o
                0x0000000008008d10                TIM_OC2_SetConfig
 .text.TIM_OC3_SetConfig
                0x0000000008008e38      0x124 ./Drivers/STM32F3xx_HAL_Driver/Src/stm32f3xx_hal_tim.o
 .text.TIM_OC4_SetConfig
                0x0000000008008f5c       0xe0 ./Drivers/STM32F3xx_HAL_Driver/Src/stm32f3xx_hal_tim.o
 .text.TIM_OC5_SetConfig
                0x000000000800903c       0xd4 ./Drivers/STM32F3xx_HAL_Driver/Src/stm32f3xx_hal_tim.o
 .text.TIM_OC6_SetConfig
                0x0000000008009110       0xd8 ./Drivers/STM32F3xx_HAL_Driver/Src/stm32f3xx_hal_tim.o
 .text.TIM_TI1_ConfigInputStage
                0x00000000080091e8       0x5e ./Drivers/STM32F3xx_HAL_Driver/Src/stm32f3xx_hal_tim.o
 .text.TIM_TI2_ConfigInputStage
                0x0000000008009246       0x60 ./Drivers/STM32F3xx_HAL_Driver/Src/stm32f3xx_hal_tim.o
 .text.TIM_ITRx_SetConfig
                0x00000000080092a6       0x36 ./Drivers/STM32F3xx_HAL_Driver/Src/stm32f3xx_hal_tim.o
 .text.TIM_ETR_SetConfig
                0x00000000080092dc       0x40 ./Drivers/STM32F3xx_HAL_Driver/Src/stm32f3xx_hal_tim.o
                0x00000000080092dc                TIM_ETR_SetConfig
 .text.TIM_CCxChannelCmd
                0x000000000800931c       0x4a ./Drivers/STM32F3xx_HAL_Driver/Src/stm32f3xx_hal_tim.o
                0x000000000800931c                TIM_CCxChannelCmd
 *fill*         0x0000000008009366        0x2 
 .text.HAL_TIMEx_MasterConfigSynchronization
                0x0000000008009368      0x118 ./Drivers/STM32F3xx_HAL_Driver/Src/stm32f3xx_hal_tim_ex.o
                0x0000000008009368                HAL_TIMEx_MasterConfigSynchronization
 .text.HAL_TIMEx_ConfigBreakDeadTime
                0x0000000008009480      0x10c ./Drivers/STM32F3xx_HAL_Driver/Src/stm32f3xx_hal_tim_ex.o
                0x0000000008009480                HAL_TIMEx_ConfigBreakDeadTime
 .text.HAL_UART_Init
                0x000000000800958c       0x9c ./Drivers/STM32F3xx_HAL_Driver/Src/stm32f3xx_hal_uart.o
                0x000000000800958c                HAL_UART_Init
 .text.HAL_UART_Transmit
                0x0000000008009628      0x114 ./Drivers/STM32F3xx_HAL_Driver/Src/stm32f3xx_hal_uart.o
                0x0000000008009628                HAL_UART_Transmit
 .text.HAL_UART_Receive_IT
                0x000000000800973c       0x88 ./Drivers/STM32F3xx_HAL_Driver/Src/stm32f3xx_hal_uart.o
                0x000000000800973c                HAL_UART_Receive_IT
 .text.HAL_UART_IRQHandler
                0x00000000080097c4      0x5cc ./Drivers/STM32F3xx_HAL_Driver/Src/stm32f3xx_hal_uart.o
                0x00000000080097c4                HAL_UART_IRQHandler
 .text.HAL_UART_TxCpltCallback
                0x0000000008009d90       0x14 ./Drivers/STM32F3xx_HAL_Driver/Src/stm32f3xx_hal_uart.o
                0x0000000008009d90                HAL_UART_TxCpltCallback
 .text.HAL_UART_ErrorCallback
                0x0000000008009da4       0x14 ./Drivers/STM32F3xx_HAL_Driver/Src/stm32f3xx_hal_uart.o
                0x0000000008009da4                HAL_UART_ErrorCallback
 .text.HAL_UARTEx_RxEventCallback
                0x0000000008009db8       0x18 ./Drivers/STM32F3xx_HAL_Driver/Src/stm32f3xx_hal_uart.o
                0x0000000008009db8                HAL_UARTEx_RxEventCallback
 .text.UART_SetConfig
                0x0000000008009dd0      0x3a8 ./Drivers/STM32F3xx_HAL_Driver/Src/stm32f3xx_hal_uart.o
                0x0000000008009dd0                UART_SetConfig
 .text.UART_AdvFeatureConfig
                0x000000000800a178      0x144 ./Drivers/STM32F3xx_HAL_Driver/Src/stm32f3xx_hal_uart.o
                0x000000000800a178                UART_AdvFeatureConfig
 .text.UART_CheckIdleState
                0x000000000800a2bc      0x150 ./Drivers/STM32F3xx_HAL_Driver/Src/stm32f3xx_hal_uart.o
                0x000000000800a2bc                UART_CheckIdleState
 .text.UART_WaitOnFlagUntilTimeout
                0x000000000800a40c       0xce ./Drivers/STM32F3xx_HAL_Driver/Src/stm32f3xx_hal_uart.o
                0x000000000800a40c                UART_WaitOnFlagUntilTimeout
 *fill*         0x000000000800a4da        0x2 
 .text.UART_Start_Receive_IT
                0x000000000800a4dc      0x18c ./Drivers/STM32F3xx_HAL_Driver/Src/stm32f3xx_hal_uart.o
                0x000000000800a4dc                UART_Start_Receive_IT
 .text.UART_EndRxTransfer
                0x000000000800a668       0xc8 ./Drivers/STM32F3xx_HAL_Driver/Src/stm32f3xx_hal_uart.o
 .text.UART_DMAAbortOnError
                0x000000000800a730       0x2c ./Drivers/STM32F3xx_HAL_Driver/Src/stm32f3xx_hal_uart.o
 .text.UART_EndTransmit_IT
                0x000000000800a75c       0x54 ./Drivers/STM32F3xx_HAL_Driver/Src/stm32f3xx_hal_uart.o
 .text.UART_RxISR_8BIT
                0x000000000800a7b0      0x1a8 ./Drivers/STM32F3xx_HAL_Driver/Src/stm32f3xx_hal_uart.o
 .text.UART_RxISR_16BIT
                0x000000000800a958      0x1a8 ./Drivers/STM32F3xx_HAL_Driver/Src/stm32f3xx_hal_uart.o
 .text.HAL_UARTEx_WakeupCallback
                0x000000000800ab00       0x14 ./Drivers/STM32F3xx_HAL_Driver/Src/stm32f3xx_hal_uart_ex.o
                0x000000000800ab00                HAL_UARTEx_WakeupCallback
 .text.__libc_init_array
                0x000000000800ab14       0x48 c:/st/stm32cubeide_1.11.0/stm32cubeide/plugins/com.st.stm32cube.ide.mcu.externaltools.gnu-tools-for-stm32.10.3-2021.10.win32_1.0.100.202210260954/tools/bin/../lib/gcc/arm-none-eabi/10.3.1/../../../../arm-none-eabi/lib/thumb/v7e-m+fp/hard\libc_nano.a(lib_a-init.o)
                0x000000000800ab14                __libc_init_array
 .text.memset   0x000000000800ab5c       0x10 c:/st/stm32cubeide_1.11.0/stm32cubeide/plugins/com.st.stm32cube.ide.mcu.externaltools.gnu-tools-for-stm32.10.3-2021.10.win32_1.0.100.202210260954/tools/bin/../lib/gcc/arm-none-eabi/10.3.1/../../../../arm-none-eabi/lib/thumb/v7e-m+fp/hard\libc_nano.a(lib_a-memset.o)
                0x000000000800ab5c                memset
 *(.glue_7)
 .glue_7        0x000000000800ab6c        0x0 linker stubs
 *(.glue_7t)
 .glue_7t       0x000000000800ab6c        0x0 linker stubs
 *(.eh_frame)
 .eh_frame      0x000000000800ab6c        0x0 c:/st/stm32cubeide_1.11.0/stm32cubeide/plugins/com.st.stm32cube.ide.mcu.externaltools.gnu-tools-for-stm32.10.3-2021.10.win32_1.0.100.202210260954/tools/bin/../lib/gcc/arm-none-eabi/10.3.1/thumb/v7e-m+fp/hard/crtbegin.o
 *(.init)
 .init          0x000000000800ab6c        0x4 c:/st/stm32cubeide_1.11.0/stm32cubeide/plugins/com.st.stm32cube.ide.mcu.externaltools.gnu-tools-for-stm32.10.3-2021.10.win32_1.0.100.202210260954/tools/bin/../lib/gcc/arm-none-eabi/10.3.1/thumb/v7e-m+fp/hard/crti.o
                0x000000000800ab6c                _init
 .init          0x000000000800ab70        0x8 c:/st/stm32cubeide_1.11.0/stm32cubeide/plugins/com.st.stm32cube.ide.mcu.externaltools.gnu-tools-for-stm32.10.3-2021.10.win32_1.0.100.202210260954/tools/bin/../lib/gcc/arm-none-eabi/10.3.1/thumb/v7e-m+fp/hard/crtn.o
 *(.fini)
 .fini          0x000000000800ab78        0x4 c:/st/stm32cubeide_1.11.0/stm32cubeide/plugins/com.st.stm32cube.ide.mcu.externaltools.gnu-tools-for-stm32.10.3-2021.10.win32_1.0.100.202210260954/tools/bin/../lib/gcc/arm-none-eabi/10.3.1/thumb/v7e-m+fp/hard/crti.o
                0x000000000800ab78                _fini
 .fini          0x000000000800ab7c        0x8 c:/st/stm32cubeide_1.11.0/stm32cubeide/plugins/com.st.stm32cube.ide.mcu.externaltools.gnu-tools-for-stm32.10.3-2021.10.win32_1.0.100.202210260954/tools/bin/../lib/gcc/arm-none-eabi/10.3.1/thumb/v7e-m+fp/hard/crtn.o
                0x000000000800ab84                . = ALIGN (0x4)
                0x000000000800ab84                _etext = .

.vfp11_veneer   0x000000000800ab84        0x0
 .vfp11_veneer  0x000000000800ab84        0x0 linker stubs

.v4_bx          0x000000000800ab84        0x0
 .v4_bx         0x000000000800ab84        0x0 linker stubs

.iplt           0x000000000800ab84        0x0
 .iplt          0x000000000800ab84        0x0 c:/st/stm32cubeide_1.11.0/stm32cubeide/plugins/com.st.stm32cube.ide.mcu.externaltools.gnu-tools-for-stm32.10.3-2021.10.win32_1.0.100.202210260954/tools/bin/../lib/gcc/arm-none-eabi/10.3.1/thumb/v7e-m+fp/hard/crtbegin.o

.rodata         0x000000000800ab84      0x260
                0x000000000800ab84                . = ALIGN (0x4)
 *(.rodata)
 .rodata        0x000000000800ab84       0x4d ./Core/Src/main.o
 *(.rodata*)
 *fill*         0x000000000800abd1        0x3 
 .rodata.asciiMorseBinary
                0x000000000800abd4      0x1d8 ./Core/Src/morse_data.o
                0x000000000800abd4                asciiMorseBinary
 .rodata.AHBPrescTable
                0x000000000800adac       0x10 ./Core/Src/system_stm32f3xx.o
                0x000000000800adac                AHBPrescTable
 .rodata.APBPrescTable
                0x000000000800adbc        0x8 ./Core/Src/system_stm32f3xx.o
                0x000000000800adbc                APBPrescTable
 .rodata.aPLLMULFactorTable
                0x000000000800adc4       0x10 ./Drivers/STM32F3xx_HAL_Driver/Src/stm32f3xx_hal_rcc.o
 .rodata.aPredivFactorTable
                0x000000000800add4       0x10 ./Drivers/STM32F3xx_HAL_Driver/Src/stm32f3xx_hal_rcc.o
                0x000000000800ade4                . = ALIGN (0x4)

.rel.dyn        0x000000000800ade4        0x0
 .rel.iplt      0x000000000800ade4        0x0 c:/st/stm32cubeide_1.11.0/stm32cubeide/plugins/com.st.stm32cube.ide.mcu.externaltools.gnu-tools-for-stm32.10.3-2021.10.win32_1.0.100.202210260954/tools/bin/../lib/gcc/arm-none-eabi/10.3.1/thumb/v7e-m+fp/hard/crtbegin.o

.ARM.extab      0x000000000800ade4        0x0
                0x000000000800ade4                . = ALIGN (0x4)
 *(.ARM.extab* .gnu.linkonce.armextab.*)
                0x000000000800ade4                . = ALIGN (0x4)

.ARM            0x000000000800ade4        0x0
                0x000000000800ade4                . = ALIGN (0x4)
                0x000000000800ade4                __exidx_start = .
 *(.ARM.exidx*)
                0x000000000800ade4                __exidx_end = .
                0x000000000800ade4                . = ALIGN (0x4)

.preinit_array  0x000000000800ade4        0x0
                0x000000000800ade4                . = ALIGN (0x4)
                0x000000000800ade4                PROVIDE (__preinit_array_start = .)
 *(.preinit_array*)
                0x000000000800ade4                PROVIDE (__preinit_array_end = .)
                0x000000000800ade4                . = ALIGN (0x4)

.init_array     0x000000000800ade4        0x4
                0x000000000800ade4                . = ALIGN (0x4)
                0x000000000800ade4                PROVIDE (__init_array_start = .)
 *(SORT_BY_NAME(.init_array.*))
 *(.init_array*)
 .init_array    0x000000000800ade4        0x4 c:/st/stm32cubeide_1.11.0/stm32cubeide/plugins/com.st.stm32cube.ide.mcu.externaltools.gnu-tools-for-stm32.10.3-2021.10.win32_1.0.100.202210260954/tools/bin/../lib/gcc/arm-none-eabi/10.3.1/thumb/v7e-m+fp/hard/crtbegin.o
                0x000000000800ade8                PROVIDE (__init_array_end = .)
                0x000000000800ade8                . = ALIGN (0x4)

.fini_array     0x000000000800ade8        0x4
                0x000000000800ade8                . = ALIGN (0x4)
                [!provide]                        PROVIDE (__fini_array_start = .)
 *(SORT_BY_NAME(.fini_array.*))
 *(.fini_array*)
 .fini_array    0x000000000800ade8        0x4 c:/st/stm32cubeide_1.11.0/stm32cubeide/plugins/com.st.stm32cube.ide.mcu.externaltools.gnu-tools-for-stm32.10.3-2021.10.win32_1.0.100.202210260954/tools/bin/../lib/gcc/arm-none-eabi/10.3.1/thumb/v7e-m+fp/hard/crtbegin.o
                [!provide]                        PROVIDE (__fini_array_end = .)
                0x000000000800adec                . = ALIGN (0x4)
                0x000000000800adec                _sidata = LOADADDR (.data)

.data           0x0000000020000000       0xbc load address 0x000000000800adec
                0x0000000020000000                . = ALIGN (0x4)
                0x0000000020000000                _sdata = .
 *(.data)
 *(.data*)
 .data.deviceAddress
                0x0000000020000000        0x2 ./Core/Src/IQS7211A.o
                0x0000000020000000                deviceAddress
 .data.xBufEmpty
                0x0000000020000002        0x1 ./Core/Src/IQS7211A.o
                0x0000000020000002                xBufEmpty
 *fill*         0x0000000020000003        0x1 
 .data.stateCallback
                0x0000000020000004       0xa8 ./Core/Src/main.o
 .data.RDY      0x00000000200000ac        0x1 ./Core/Src/main.o
                0x00000000200000ac                RDY
 *fill*         0x00000000200000ad        0x3 
 .data.SystemCoreClock
                0x00000000200000b0        0x4 ./Core/Src/system_stm32f3xx.o
                0x00000000200000b0                SystemCoreClock
 .data.uwTickPrio
                0x00000000200000b4        0x4 ./Drivers/STM32F3xx_HAL_Driver/Src/stm32f3xx_hal.o
                0x00000000200000b4                uwTickPrio
 .data.uwTickFreq
                0x00000000200000b8        0x1 ./Drivers/STM32F3xx_HAL_Driver/Src/stm32f3xx_hal.o
                0x00000000200000b8                uwTickFreq
                0x00000000200000bc                . = ALIGN (0x4)
 *fill*         0x00000000200000b9        0x3 
                0x00000000200000bc                _edata = .

.igot.plt       0x00000000200000bc        0x0 load address 0x000000000800aea8
 .igot.plt      0x00000000200000bc        0x0 c:/st/stm32cubeide_1.11.0/stm32cubeide/plugins/com.st.stm32cube.ide.mcu.externaltools.gnu-tools-for-stm32.10.3-2021.10.win32_1.0.100.202210260954/tools/bin/../lib/gcc/arm-none-eabi/10.3.1/thumb/v7e-m+fp/hard/crtbegin.o
                0x00000000200000bc                . = ALIGN (0x4)

.bss            0x00000000200000bc     0x52a4 load address 0x000000000800aea8
                0x00000000200000bc                _sbss = .
                0x00000000200000bc                __bss_start__ = _sbss
 *(.bss)
 .bss           0x00000000200000bc       0x1c c:/st/stm32cubeide_1.11.0/stm32cubeide/plugins/com.st.stm32cube.ide.mcu.externaltools.gnu-tools-for-stm32.10.3-2021.10.win32_1.0.100.202210260954/tools/bin/../lib/gcc/arm-none-eabi/10.3.1/thumb/v7e-m+fp/hard/crtbegin.o
 *(.bss*)
 .bss.currentGesture
                0x00000000200000d8        0x1 ./Core/Src/IQS7211A.o
                0x00000000200000d8                currentGesture
 *fill*         0x00000000200000d9        0x3 
 .bss.xBuffer   0x00000000200000dc     0x4e20 ./Core/Src/IQS7211A.o
                0x00000000200000dc                xBuffer
 .bss.xCoordinateLatest
                0x0000000020004efc        0x2 ./Core/Src/IQS7211A.o
                0x0000000020004efc                xCoordinateLatest
 .bss.yCoordinateLatest
                0x0000000020004efe        0x2 ./Core/Src/IQS7211A.o
                0x0000000020004efe                yCoordinateLatest
 .bss.xBufIdx   0x0000000020004f00        0x2 ./Core/Src/IQS7211A.o
                0x0000000020004f00                xBufIdx
 .bss.xCoordProcessed
                0x0000000020004f02        0x2 ./Core/Src/IQS7211A.o
                0x0000000020004f02                xCoordProcessed
 .bss.timeFirstGesture
                0x0000000020004f04        0x4 ./Core/Src/IQS7211A.o
                0x0000000020004f04                timeFirstGesture
 .bss.hadc1     0x0000000020004f08       0x50 ./Core/Src/main.o
                0x0000000020004f08                hadc1
 .bss.hdac1     0x0000000020004f58       0x14 ./Core/Src/main.o
                0x0000000020004f58                hdac1
 .bss.hi2c1     0x0000000020004f6c       0x54 ./Core/Src/main.o
                0x0000000020004f6c                hi2c1
 .bss.htim1     0x0000000020004fc0       0x4c ./Core/Src/main.o
                0x0000000020004fc0                htim1
 .bss.htim2     0x000000002000500c       0x4c ./Core/Src/main.o
                0x000000002000500c                htim2
 .bss.htim4     0x0000000020005058       0x4c ./Core/Src/main.o
                0x0000000020005058                htim4
 .bss.htim15    0x00000000200050a4       0x4c ./Core/Src/main.o
                0x00000000200050a4                htim15
 .bss.htim16    0x00000000200050f0       0x4c ./Core/Src/main.o
                0x00000000200050f0                htim16
 .bss.huart2    0x000000002000513c       0x88 ./Core/Src/main.o
                0x000000002000513c                huart2
 .bss.btns      0x00000000200051c4       0x30 ./Core/Src/main.o
                0x00000000200051c4                btns
 .bss.rxBuffer  0x00000000200051f4       0x1e ./Core/Src/main.o
                0x00000000200051f4                rxBuffer
 .bss.rxIndex   0x0000000020005212        0x1 ./Core/Src/main.o
                0x0000000020005212                rxIndex
 .bss.recievedUartMessage
                0x0000000020005213        0x1 ./Core/Src/main.o
                0x0000000020005213                recievedUartMessage
 .bss.rxMessageLength
                0x0000000020005214        0x1 ./Core/Src/main.o
                0x0000000020005214                rxMessageLength
 *fill*         0x0000000020005215        0x3 
 .bss.txBuffer  0x0000000020005218       0x1e ./Core/Src/main.o
                0x0000000020005218                txBuffer
 *fill*         0x0000000020005236        0x2 
 .bss.adcSum    0x0000000020005238        0x4 ./Core/Src/main.o
                0x0000000020005238                adcSum
 .bss.adcNumSamples
                0x000000002000523c        0x4 ./Core/Src/main.o
                0x000000002000523c                adcNumSamples
 .bss.adcPreviousAvg
                0x0000000020005240        0x4 ./Core/Src/main.o
                0x0000000020005240                adcPreviousAvg
 .bss.adcAvg    0x0000000020005244        0x4 ./Core/Src/main.o
                0x0000000020005244                adcAvg
 .bss.slideDetected
                0x0000000020005248        0x2 ./Core/Src/main.o
                0x0000000020005248                slideDetected
 *fill*         0x000000002000524a        0x2 
 .bss.tickAtStart
                0x000000002000524c        0x4 ./Core/Src/main.o
                0x000000002000524c                tickAtStart
 .bss.state3_vars
                0x0000000020005250       0xec ./Core/Src/mode_emergency.o
 .bss.state1_vars
                0x000000002000533c       0x10 ./Core/Src/mode_flahing.o
 .bss.state2_vars
                0x000000002000534c        0xe ./Core/Src/mode_mood.o
                0x000000002000534c                state2_vars
 *fill*         0x000000002000535a        0x2 
 .bss.uwTick    0x000000002000535c        0x4 ./Drivers/STM32F3xx_HAL_Driver/Src/stm32f3xx_hal.o
                0x000000002000535c                uwTick
 *(COMMON)
                0x0000000020005360                . = ALIGN (0x4)
                0x0000000020005360                _ebss = .
                0x0000000020005360                __bss_end__ = _ebss

._user_heap_stack
                0x0000000020005360      0x600 load address 0x000000000800aea8
                0x0000000020005360                . = ALIGN (0x8)
                0x0000000020005360                PROVIDE (end = .)
                [!provide]                        PROVIDE (_end = .)
                0x0000000020005560                . = (. + _Min_Heap_Size)
 *fill*         0x0000000020005360      0x200 
                0x0000000020005960                . = (. + _Min_Stack_Size)
 *fill*         0x0000000020005560      0x400 
                0x0000000020005960                . = ALIGN (0x8)

/DISCARD/
 libc.a(*)
 libm.a(*)
 libgcc.a(*)

.ARM.attributes
                0x0000000000000000       0x30
 *(.ARM.attributes)
 .ARM.attributes
                0x0000000000000000       0x1e c:/st/stm32cubeide_1.11.0/stm32cubeide/plugins/com.st.stm32cube.ide.mcu.externaltools.gnu-tools-for-stm32.10.3-2021.10.win32_1.0.100.202210260954/tools/bin/../lib/gcc/arm-none-eabi/10.3.1/thumb/v7e-m+fp/hard/crti.o
 .ARM.attributes
                0x000000000000001e       0x34 c:/st/stm32cubeide_1.11.0/stm32cubeide/plugins/com.st.stm32cube.ide.mcu.externaltools.gnu-tools-for-stm32.10.3-2021.10.win32_1.0.100.202210260954/tools/bin/../lib/gcc/arm-none-eabi/10.3.1/thumb/v7e-m+fp/hard/crtbegin.o
 .ARM.attributes
                0x0000000000000052       0x34 ./Core/Src/IQS7211A.o
 .ARM.attributes
                0x0000000000000086       0x34 ./Core/Src/main.o
 .ARM.attributes
                0x00000000000000ba       0x34 ./Core/Src/mode_emergency.o
 .ARM.attributes
                0x00000000000000ee       0x34 ./Core/Src/mode_flahing.o
 .ARM.attributes
                0x0000000000000122       0x34 ./Core/Src/mode_mood.o
 .ARM.attributes
                0x0000000000000156       0x34 ./Core/Src/morse_data.o
 .ARM.attributes
                0x000000000000018a       0x34 ./Core/Src/stm32f3xx_hal_msp.o
 .ARM.attributes
                0x00000000000001be       0x34 ./Core/Src/stm32f3xx_it.o
 .ARM.attributes
                0x00000000000001f2       0x34 ./Core/Src/system_stm32f3xx.o
 .ARM.attributes
                0x0000000000000226       0x21 ./Core/Startup/startup_stm32f303retx.o
 .ARM.attributes
                0x0000000000000247       0x34 ./Drivers/STM32F3xx_HAL_Driver/Src/stm32f3xx_hal.o
 .ARM.attributes
                0x000000000000027b       0x34 ./Drivers/STM32F3xx_HAL_Driver/Src/stm32f3xx_hal_adc_ex.o
 .ARM.attributes
                0x00000000000002af       0x34 ./Drivers/STM32F3xx_HAL_Driver/Src/stm32f3xx_hal_cortex.o
 .ARM.attributes
                0x00000000000002e3       0x34 ./Drivers/STM32F3xx_HAL_Driver/Src/stm32f3xx_hal_dac.o
 .ARM.attributes
                0x0000000000000317       0x34 ./Drivers/STM32F3xx_HAL_Driver/Src/stm32f3xx_hal_dac_ex.o
 .ARM.attributes
                0x000000000000034b       0x34 ./Drivers/STM32F3xx_HAL_Driver/Src/stm32f3xx_hal_dma.o
 .ARM.attributes
                0x000000000000037f       0x34 ./Drivers/STM32F3xx_HAL_Driver/Src/stm32f3xx_hal_gpio.o
 .ARM.attributes
                0x00000000000003b3       0x34 ./Drivers/STM32F3xx_HAL_Driver/Src/stm32f3xx_hal_i2c.o
 .ARM.attributes
                0x00000000000003e7       0x34 ./Drivers/STM32F3xx_HAL_Driver/Src/stm32f3xx_hal_i2c_ex.o
 .ARM.attributes
                0x000000000000041b       0x34 ./Drivers/STM32F3xx_HAL_Driver/Src/stm32f3xx_hal_rcc.o
 .ARM.attributes
                0x000000000000044f       0x34 ./Drivers/STM32F3xx_HAL_Driver/Src/stm32f3xx_hal_rcc_ex.o
 .ARM.attributes
                0x0000000000000483       0x34 ./Drivers/STM32F3xx_HAL_Driver/Src/stm32f3xx_hal_tim.o
 .ARM.attributes
                0x00000000000004b7       0x34 ./Drivers/STM32F3xx_HAL_Driver/Src/stm32f3xx_hal_tim_ex.o
 .ARM.attributes
                0x00000000000004eb       0x34 ./Drivers/STM32F3xx_HAL_Driver/Src/stm32f3xx_hal_uart.o
 .ARM.attributes
                0x000000000000051f       0x34 ./Drivers/STM32F3xx_HAL_Driver/Src/stm32f3xx_hal_uart_ex.o
 .ARM.attributes
                0x0000000000000553       0x34 c:/st/stm32cubeide_1.11.0/stm32cubeide/plugins/com.st.stm32cube.ide.mcu.externaltools.gnu-tools-for-stm32.10.3-2021.10.win32_1.0.100.202210260954/tools/bin/../lib/gcc/arm-none-eabi/10.3.1/../../../../arm-none-eabi/lib/thumb/v7e-m+fp/hard\libc_nano.a(lib_a-init.o)
 .ARM.attributes
                0x0000000000000587       0x34 c:/st/stm32cubeide_1.11.0/stm32cubeide/plugins/com.st.stm32cube.ide.mcu.externaltools.gnu-tools-for-stm32.10.3-2021.10.win32_1.0.100.202210260954/tools/bin/../lib/gcc/arm-none-eabi/10.3.1/../../../../arm-none-eabi/lib/thumb/v7e-m+fp/hard\libc_nano.a(lib_a-memset.o)
 .ARM.attributes
                0x00000000000005bb       0x1e c:/st/stm32cubeide_1.11.0/stm32cubeide/plugins/com.st.stm32cube.ide.mcu.externaltools.gnu-tools-for-stm32.10.3-2021.10.win32_1.0.100.202210260954/tools/bin/../lib/gcc/arm-none-eabi/10.3.1/thumb/v7e-m+fp/hard\libgcc.a(_arm_addsubdf3.o)
 .ARM.attributes
                0x00000000000005d9       0x1e c:/st/stm32cubeide_1.11.0/stm32cubeide/plugins/com.st.stm32cube.ide.mcu.externaltools.gnu-tools-for-stm32.10.3-2021.10.win32_1.0.100.202210260954/tools/bin/../lib/gcc/arm-none-eabi/10.3.1/thumb/v7e-m+fp/hard\libgcc.a(_arm_muldivdf3.o)
 .ARM.attributes
                0x00000000000005f7       0x1e c:/st/stm32cubeide_1.11.0/stm32cubeide/plugins/com.st.stm32cube.ide.mcu.externaltools.gnu-tools-for-stm32.10.3-2021.10.win32_1.0.100.202210260954/tools/bin/../lib/gcc/arm-none-eabi/10.3.1/thumb/v7e-m+fp/hard\libgcc.a(_arm_fixunsdfsi.o)
 .ARM.attributes
                0x0000000000000615       0x1e c:/st/stm32cubeide_1.11.0/stm32cubeide/plugins/com.st.stm32cube.ide.mcu.externaltools.gnu-tools-for-stm32.10.3-2021.10.win32_1.0.100.202210260954/tools/bin/../lib/gcc/arm-none-eabi/10.3.1/thumb/v7e-m+fp/hard/crtn.o
OUTPUT(EDesign.elf elf32-littlearm)
LOAD linker stubs
LOAD c:/st/stm32cubeide_1.11.0/stm32cubeide/plugins/com.st.stm32cube.ide.mcu.externaltools.gnu-tools-for-stm32.10.3-2021.10.win32_1.0.100.202210260954/tools/bin/../lib/gcc/arm-none-eabi/10.3.1/../../../../arm-none-eabi/lib/thumb/v7e-m+fp/hard\libc.a
LOAD c:/st/stm32cubeide_1.11.0/stm32cubeide/plugins/com.st.stm32cube.ide.mcu.externaltools.gnu-tools-for-stm32.10.3-2021.10.win32_1.0.100.202210260954/tools/bin/../lib/gcc/arm-none-eabi/10.3.1/../../../../arm-none-eabi/lib/thumb/v7e-m+fp/hard\libm.a
LOAD c:/st/stm32cubeide_1.11.0/stm32cubeide/plugins/com.st.stm32cube.ide.mcu.externaltools.gnu-tools-for-stm32.10.3-2021.10.win32_1.0.100.202210260954/tools/bin/../lib/gcc/arm-none-eabi/10.3.1/thumb/v7e-m+fp/hard\libgcc.a

.debug_info     0x0000000000000000    0x1a6b4
 .debug_info    0x0000000000000000      0xde8 ./Core/Src/IQS7211A.o
 .debug_info    0x0000000000000de8     0x2d7b ./Core/Src/main.o
 .debug_info    0x0000000000003b63      0xed0 ./Core/Src/mode_emergency.o
 .debug_info    0x0000000000004a33      0xbec ./Core/Src/mode_flahing.o
 .debug_info    0x000000000000561f      0x5c7 ./Core/Src/mode_mood.o
 .debug_info    0x0000000000005be6       0xba ./Core/Src/morse_data.o
 .debug_info    0x0000000000005ca0     0x1b5e ./Core/Src/stm32f3xx_hal_msp.o
 .debug_info    0x00000000000077fe      0x776 ./Core/Src/stm32f3xx_it.o
 .debug_info    0x0000000000007f74      0x416 ./Core/Src/system_stm32f3xx.o
 .debug_info    0x000000000000838a       0x22 ./Core/Startup/startup_stm32f303retx.o
 .debug_info    0x00000000000083ac      0x837 ./Drivers/STM32F3xx_HAL_Driver/Src/stm32f3xx_hal.o
 .debug_info    0x0000000000008be3     0x16d2 ./Drivers/STM32F3xx_HAL_Driver/Src/stm32f3xx_hal_adc_ex.o
 .debug_info    0x000000000000a2b5      0xdb5 ./Drivers/STM32F3xx_HAL_Driver/Src/stm32f3xx_hal_cortex.o
 .debug_info    0x000000000000b06a      0x8a9 ./Drivers/STM32F3xx_HAL_Driver/Src/stm32f3xx_hal_dac.o
 .debug_info    0x000000000000b913      0xa64 ./Drivers/STM32F3xx_HAL_Driver/Src/stm32f3xx_hal_dac_ex.o
 .debug_info    0x000000000000c377      0x757 ./Drivers/STM32F3xx_HAL_Driver/Src/stm32f3xx_hal_dma.o
 .debug_info    0x000000000000cace      0x74e ./Drivers/STM32F3xx_HAL_Driver/Src/stm32f3xx_hal_gpio.o
 .debug_info    0x000000000000d21c     0x226b ./Drivers/STM32F3xx_HAL_Driver/Src/stm32f3xx_hal_i2c.o
 .debug_info    0x000000000000f487      0x96f ./Drivers/STM32F3xx_HAL_Driver/Src/stm32f3xx_hal_i2c_ex.o
 .debug_info    0x000000000000fdf6     0x1596 ./Drivers/STM32F3xx_HAL_Driver/Src/stm32f3xx_hal_rcc.o
 .debug_info    0x000000000001138c      0x68a ./Drivers/STM32F3xx_HAL_Driver/Src/stm32f3xx_hal_rcc_ex.o
 .debug_info    0x0000000000011a16     0x2cdb ./Drivers/STM32F3xx_HAL_Driver/Src/stm32f3xx_hal_tim.o
 .debug_info    0x00000000000146f1     0x16a8 ./Drivers/STM32F3xx_HAL_Driver/Src/stm32f3xx_hal_tim_ex.o
 .debug_info    0x0000000000015d99     0x3bf8 ./Drivers/STM32F3xx_HAL_Driver/Src/stm32f3xx_hal_uart.o
 .debug_info    0x0000000000019991      0xd23 ./Drivers/STM32F3xx_HAL_Driver/Src/stm32f3xx_hal_uart_ex.o

.debug_abbrev   0x0000000000000000     0x3512
 .debug_abbrev  0x0000000000000000      0x320 ./Core/Src/IQS7211A.o
 .debug_abbrev  0x0000000000000320      0x36c ./Core/Src/main.o
 .debug_abbrev  0x000000000000068c      0x314 ./Core/Src/mode_emergency.o
 .debug_abbrev  0x00000000000009a0      0x207 ./Core/Src/mode_flahing.o
 .debug_abbrev  0x0000000000000ba7      0x1a6 ./Core/Src/mode_mood.o
 .debug_abbrev  0x0000000000000d4d       0x73 ./Core/Src/morse_data.o
 .debug_abbrev  0x0000000000000dc0      0x21c ./Core/Src/stm32f3xx_hal_msp.o
 .debug_abbrev  0x0000000000000fdc      0x166 ./Core/Src/stm32f3xx_it.o
 .debug_abbrev  0x0000000000001142      0x116 ./Core/Src/system_stm32f3xx.o
 .debug_abbrev  0x0000000000001258       0x12 ./Core/Startup/startup_stm32f303retx.o
 .debug_abbrev  0x000000000000126a      0x20e ./Drivers/STM32F3xx_HAL_Driver/Src/stm32f3xx_hal.o
 .debug_abbrev  0x0000000000001478      0x27a ./Drivers/STM32F3xx_HAL_Driver/Src/stm32f3xx_hal_adc_ex.o
 .debug_abbrev  0x00000000000016f2      0x316 ./Drivers/STM32F3xx_HAL_Driver/Src/stm32f3xx_hal_cortex.o
 .debug_abbrev  0x0000000000001a08      0x19d ./Drivers/STM32F3xx_HAL_Driver/Src/stm32f3xx_hal_dac.o
 .debug_abbrev  0x0000000000001ba5      0x24a ./Drivers/STM32F3xx_HAL_Driver/Src/stm32f3xx_hal_dac_ex.o
 .debug_abbrev  0x0000000000001def      0x1fe ./Drivers/STM32F3xx_HAL_Driver/Src/stm32f3xx_hal_dma.o
 .debug_abbrev  0x0000000000001fed      0x1bb ./Drivers/STM32F3xx_HAL_Driver/Src/stm32f3xx_hal_gpio.o
 .debug_abbrev  0x00000000000021a8      0x24a ./Drivers/STM32F3xx_HAL_Driver/Src/stm32f3xx_hal_i2c.o
 .debug_abbrev  0x00000000000023f2      0x1b0 ./Drivers/STM32F3xx_HAL_Driver/Src/stm32f3xx_hal_i2c_ex.o
 .debug_abbrev  0x00000000000025a2      0x2f9 ./Drivers/STM32F3xx_HAL_Driver/Src/stm32f3xx_hal_rcc.o
 .debug_abbrev  0x000000000000289b      0x240 ./Drivers/STM32F3xx_HAL_Driver/Src/stm32f3xx_hal_rcc_ex.o
 .debug_abbrev  0x0000000000002adb      0x264 ./Drivers/STM32F3xx_HAL_Driver/Src/stm32f3xx_hal_tim.o
 .debug_abbrev  0x0000000000002d3f      0x26c ./Drivers/STM32F3xx_HAL_Driver/Src/stm32f3xx_hal_tim_ex.o
 .debug_abbrev  0x0000000000002fab      0x2bc ./Drivers/STM32F3xx_HAL_Driver/Src/stm32f3xx_hal_uart.o
 .debug_abbrev  0x0000000000003267      0x2ab ./Drivers/STM32F3xx_HAL_Driver/Src/stm32f3xx_hal_uart_ex.o

.debug_aranges  0x0000000000000000     0x15c0
 .debug_aranges
                0x0000000000000000       0xd8 ./Core/Src/IQS7211A.o
 .debug_aranges
                0x00000000000000d8       0x98 ./Core/Src/main.o
 .debug_aranges
                0x0000000000000170       0xa0 ./Core/Src/mode_emergency.o
 .debug_aranges
                0x0000000000000210       0x88 ./Core/Src/mode_flahing.o
 .debug_aranges
                0x0000000000000298       0x88 ./Core/Src/mode_mood.o
 .debug_aranges
                0x0000000000000320       0x18 ./Core/Src/morse_data.o
 .debug_aranges
                0x0000000000000338       0x88 ./Core/Src/stm32f3xx_hal_msp.o
 .debug_aranges
                0x00000000000003c0       0x78 ./Core/Src/stm32f3xx_it.o
 .debug_aranges
                0x0000000000000438       0x28 ./Core/Src/system_stm32f3xx.o
 .debug_aranges
                0x0000000000000460       0x28 ./Core/Startup/startup_stm32f303retx.o
 .debug_aranges
                0x0000000000000488       0xe0 ./Drivers/STM32F3xx_HAL_Driver/Src/stm32f3xx_hal.o
 .debug_aranges
                0x0000000000000568      0x168 ./Drivers/STM32F3xx_HAL_Driver/Src/stm32f3xx_hal_adc_ex.o
 .debug_aranges
                0x00000000000006d0      0x118 ./Drivers/STM32F3xx_HAL_Driver/Src/stm32f3xx_hal_cortex.o
 .debug_aranges
                0x00000000000007e8       0xa8 ./Drivers/STM32F3xx_HAL_Driver/Src/stm32f3xx_hal_dac.o
 .debug_aranges
                0x0000000000000890       0xb8 ./Drivers/STM32F3xx_HAL_Driver/Src/stm32f3xx_hal_dac_ex.o
 .debug_aranges
                0x0000000000000948       0x88 ./Drivers/STM32F3xx_HAL_Driver/Src/stm32f3xx_hal_dma.o
 .debug_aranges
                0x00000000000009d0       0x58 ./Drivers/STM32F3xx_HAL_Driver/Src/stm32f3xx_hal_gpio.o
 .debug_aranges
                0x0000000000000a28      0x2a0 ./Drivers/STM32F3xx_HAL_Driver/Src/stm32f3xx_hal_i2c.o
 .debug_aranges
                0x0000000000000cc8       0x48 ./Drivers/STM32F3xx_HAL_Driver/Src/stm32f3xx_hal_i2c_ex.o
 .debug_aranges
                0x0000000000000d10       0x88 ./Drivers/STM32F3xx_HAL_Driver/Src/stm32f3xx_hal_rcc.o
 .debug_aranges
                0x0000000000000d98       0x38 ./Drivers/STM32F3xx_HAL_Driver/Src/stm32f3xx_hal_rcc_ex.o
 .debug_aranges
                0x0000000000000dd0      0x3e0 ./Drivers/STM32F3xx_HAL_Driver/Src/stm32f3xx_hal_tim.o
 .debug_aranges
                0x00000000000011b0      0x178 ./Drivers/STM32F3xx_HAL_Driver/Src/stm32f3xx_hal_tim_ex.o
 .debug_aranges
                0x0000000000001328      0x228 ./Drivers/STM32F3xx_HAL_Driver/Src/stm32f3xx_hal_uart.o
 .debug_aranges
                0x0000000000001550       0x70 ./Drivers/STM32F3xx_HAL_Driver/Src/stm32f3xx_hal_uart_ex.o

.debug_ranges   0x0000000000000000     0x1460
 .debug_ranges  0x0000000000000000       0xc8 ./Core/Src/IQS7211A.o
 .debug_ranges  0x00000000000000c8       0x88 ./Core/Src/main.o
 .debug_ranges  0x0000000000000150       0x90 ./Core/Src/mode_emergency.o
 .debug_ranges  0x00000000000001e0       0x78 ./Core/Src/mode_flahing.o
 .debug_ranges  0x0000000000000258       0x78 ./Core/Src/mode_mood.o
 .debug_ranges  0x00000000000002d0       0x78 ./Core/Src/stm32f3xx_hal_msp.o
 .debug_ranges  0x0000000000000348       0x68 ./Core/Src/stm32f3xx_it.o
 .debug_ranges  0x00000000000003b0       0x18 ./Core/Src/system_stm32f3xx.o
 .debug_ranges  0x00000000000003c8       0x20 ./Core/Startup/startup_stm32f303retx.o
 .debug_ranges  0x00000000000003e8       0xd0 ./Drivers/STM32F3xx_HAL_Driver/Src/stm32f3xx_hal.o
 .debug_ranges  0x00000000000004b8      0x158 ./Drivers/STM32F3xx_HAL_Driver/Src/stm32f3xx_hal_adc_ex.o
 .debug_ranges  0x0000000000000610      0x108 ./Drivers/STM32F3xx_HAL_Driver/Src/stm32f3xx_hal_cortex.o
 .debug_ranges  0x0000000000000718       0x98 ./Drivers/STM32F3xx_HAL_Driver/Src/stm32f3xx_hal_dac.o
 .debug_ranges  0x00000000000007b0       0xa8 ./Drivers/STM32F3xx_HAL_Driver/Src/stm32f3xx_hal_dac_ex.o
 .debug_ranges  0x0000000000000858       0x78 ./Drivers/STM32F3xx_HAL_Driver/Src/stm32f3xx_hal_dma.o
 .debug_ranges  0x00000000000008d0       0x48 ./Drivers/STM32F3xx_HAL_Driver/Src/stm32f3xx_hal_gpio.o
 .debug_ranges  0x0000000000000918      0x290 ./Drivers/STM32F3xx_HAL_Driver/Src/stm32f3xx_hal_i2c.o
 .debug_ranges  0x0000000000000ba8       0x38 ./Drivers/STM32F3xx_HAL_Driver/Src/stm32f3xx_hal_i2c_ex.o
 .debug_ranges  0x0000000000000be0       0x78 ./Drivers/STM32F3xx_HAL_Driver/Src/stm32f3xx_hal_rcc.o
 .debug_ranges  0x0000000000000c58       0x28 ./Drivers/STM32F3xx_HAL_Driver/Src/stm32f3xx_hal_rcc_ex.o
 .debug_ranges  0x0000000000000c80      0x3d0 ./Drivers/STM32F3xx_HAL_Driver/Src/stm32f3xx_hal_tim.o
 .debug_ranges  0x0000000000001050      0x168 ./Drivers/STM32F3xx_HAL_Driver/Src/stm32f3xx_hal_tim_ex.o
 .debug_ranges  0x00000000000011b8      0x248 ./Drivers/STM32F3xx_HAL_Driver/Src/stm32f3xx_hal_uart.o
 .debug_ranges  0x0000000000001400       0x60 ./Drivers/STM32F3xx_HAL_Driver/Src/stm32f3xx_hal_uart_ex.o

.debug_macro    0x0000000000000000    0x23bc2
 .debug_macro   0x0000000000000000      0x402 ./Core/Src/IQS7211A.o
 .debug_macro   0x0000000000000402      0xa78 ./Core/Src/IQS7211A.o
 .debug_macro   0x0000000000000e7a      0x163 ./Core/Src/IQS7211A.o
 .debug_macro   0x0000000000000fdd       0x2e ./Core/Src/IQS7211A.o
 .debug_macro   0x000000000000100b       0x28 ./Core/Src/IQS7211A.o
 .debug_macro   0x0000000000001033       0x22 ./Core/Src/IQS7211A.o
 .debug_macro   0x0000000000001055       0x8e ./Core/Src/IQS7211A.o
 .debug_macro   0x00000000000010e3       0x51 ./Core/Src/IQS7211A.o
 .debug_macro   0x0000000000001134      0x103 ./Core/Src/IQS7211A.o
 .debug_macro   0x0000000000001237       0x6a ./Core/Src/IQS7211A.o
 .debug_macro   0x00000000000012a1      0x1df ./Core/Src/IQS7211A.o
 .debug_macro   0x0000000000001480       0x1c ./Core/Src/IQS7211A.o
 .debug_macro   0x000000000000149c       0x22 ./Core/Src/IQS7211A.o
 .debug_macro   0x00000000000014be       0xd9 ./Core/Src/IQS7211A.o
 .debug_macro   0x0000000000001597     0x102d ./Core/Src/IQS7211A.o
 .debug_macro   0x00000000000025c4      0x11f ./Core/Src/IQS7211A.o
 .debug_macro   0x00000000000026e3    0x1535a ./Core/Src/IQS7211A.o
 .debug_macro   0x0000000000017a3d       0x6d ./Core/Src/IQS7211A.o
 .debug_macro   0x0000000000017aaa     0x3558 ./Core/Src/IQS7211A.o
 .debug_macro   0x000000000001b002      0x174 ./Core/Src/IQS7211A.o
 .debug_macro   0x000000000001b176       0x55 ./Core/Src/IQS7211A.o
 .debug_macro   0x000000000001b1cb      0x953 ./Core/Src/IQS7211A.o
 .debug_macro   0x000000000001bb1e      0x84a ./Core/Src/IQS7211A.o
 .debug_macro   0x000000000001c368      0x1b5 ./Core/Src/IQS7211A.o
 .debug_macro   0x000000000001c51d      0x23a ./Core/Src/IQS7211A.o
 .debug_macro   0x000000000001c757      0x1ea ./Core/Src/IQS7211A.o
 .debug_macro   0x000000000001c941      0x1bc ./Core/Src/IQS7211A.o
 .debug_macro   0x000000000001cafd       0x30 ./Core/Src/IQS7211A.o
 .debug_macro   0x000000000001cb2d       0x3c ./Core/Src/IQS7211A.o
 .debug_macro   0x000000000001cb69      0x235 ./Core/Src/IQS7211A.o
 .debug_macro   0x000000000001cd9e      0x9fe ./Core/Src/IQS7211A.o
 .debug_macro   0x000000000001d79c       0x77 ./Core/Src/IQS7211A.o
 .debug_macro   0x000000000001d813      0x176 ./Core/Src/IQS7211A.o
 .debug_macro   0x000000000001d989       0x61 ./Core/Src/IQS7211A.o
 .debug_macro   0x000000000001d9ea       0xc5 ./Core/Src/IQS7211A.o
 .debug_macro   0x000000000001daaf      0x21d ./Core/Src/IQS7211A.o
 .debug_macro   0x000000000001dccc      0x22c ./Core/Src/IQS7211A.o
 .debug_macro   0x000000000001def8       0x5b ./Core/Src/IQS7211A.o
 .debug_macro   0x000000000001df53       0xa5 ./Core/Src/IQS7211A.o
 .debug_macro   0x000000000001dff8       0x81 ./Core/Src/IQS7211A.o
 .debug_macro   0x000000000001e079       0xd3 ./Core/Src/IQS7211A.o
 .debug_macro   0x000000000001e14c      0xa59 ./Core/Src/IQS7211A.o
 .debug_macro   0x000000000001eba5       0xba ./Core/Src/IQS7211A.o
 .debug_macro   0x000000000001ec5f      0x5ba ./Core/Src/IQS7211A.o
 .debug_macro   0x000000000001f219       0x44 ./Core/Src/IQS7211A.o
 .debug_macro   0x000000000001f25d      0x347 ./Core/Src/IQS7211A.o
 .debug_macro   0x000000000001f5a4       0xe2 ./Core/Src/IQS7211A.o
 .debug_macro   0x000000000001f686       0x52 ./Core/Src/IQS7211A.o
 .debug_macro   0x000000000001f6d8       0x1e ./Core/Src/IQS7211A.o
 .debug_macro   0x000000000001f6f6       0x3c ./Core/Src/IQS7211A.o
 .debug_macro   0x000000000001f732       0x34 ./Core/Src/IQS7211A.o
 .debug_macro   0x000000000001f766       0x16 ./Core/Src/IQS7211A.o
 .debug_macro   0x000000000001f77c       0x35 ./Core/Src/IQS7211A.o
 .debug_macro   0x000000000001f7b1      0x341 ./Core/Src/IQS7211A.o
 .debug_macro   0x000000000001faf2       0x10 ./Core/Src/IQS7211A.o
 .debug_macro   0x000000000001fb02       0x16 ./Core/Src/IQS7211A.o
 .debug_macro   0x000000000001fb18       0x43 ./Core/Src/IQS7211A.o
 .debug_macro   0x000000000001fb5b       0x34 ./Core/Src/IQS7211A.o
 .debug_macro   0x000000000001fb8f       0x10 ./Core/Src/IQS7211A.o
 .debug_macro   0x000000000001fb9f       0x58 ./Core/Src/IQS7211A.o
 .debug_macro   0x000000000001fbf7       0x71 ./Core/Src/IQS7211A.o
 .debug_macro   0x000000000001fc68       0x1c ./Core/Src/IQS7211A.o
 .debug_macro   0x000000000001fc84      0x12a ./Core/Src/IQS7211A.o
 .debug_macro   0x000000000001fdae       0x10 ./Core/Src/IQS7211A.o
 .debug_macro   0x000000000001fdbe       0x1c ./Core/Src/IQS7211A.o
 .debug_macro   0x000000000001fdda       0x52 ./Core/Src/IQS7211A.o
 .debug_macro   0x000000000001fe2c       0x22 ./Core/Src/IQS7211A.o
 .debug_macro   0x000000000001fe4e       0x10 ./Core/Src/IQS7211A.o
 .debug_macro   0x000000000001fe5e       0x52 ./Core/Src/IQS7211A.o
 .debug_macro   0x000000000001feb0       0xd5 ./Core/Src/IQS7211A.o
 .debug_macro   0x000000000001ff85       0x1c ./Core/Src/IQS7211A.o
 .debug_macro   0x000000000001ffa1       0x3d ./Core/Src/IQS7211A.o
 .debug_macro   0x000000000001ffde       0x16 ./Core/Src/IQS7211A.o
 .debug_macro   0x000000000001fff4      0x145 ./Core/Src/IQS7211A.o
 .debug_macro   0x0000000000020139       0x16 ./Core/Src/IQS7211A.o
 .debug_macro   0x000000000002014f       0x20 ./Core/Src/IQS7211A.o
 .debug_macro   0x000000000002016f       0x16 ./Core/Src/IQS7211A.o
 .debug_macro   0x0000000000020185       0x16 ./Core/Src/IQS7211A.o
 .debug_macro   0x000000000002019b       0x29 ./Core/Src/IQS7211A.o
 .debug_macro   0x00000000000201c4      0x4a9 ./Core/Src/IQS7211A.o
 .debug_macro   0x000000000002066d      0x23e ./Core/Src/IQS7211A.o
 .debug_macro   0x00000000000208ab      0x256 ./Core/Src/main.o
 .debug_macro   0x0000000000020b01       0x3a ./Core/Src/main.o
 .debug_macro   0x0000000000020b3b      0x23b ./Core/Src/mode_emergency.o
 .debug_macro   0x0000000000020d76       0xe8 ./Core/Src/mode_emergency.o
 .debug_macro   0x0000000000020e5e      0x172 ./Core/Src/mode_emergency.o
 .debug_macro   0x0000000000020fd0      0x220 ./Core/Src/mode_flahing.o
 .debug_macro   0x00000000000211f0      0x220 ./Core/Src/mode_mood.o
 .debug_macro   0x0000000000021410       0x72 ./Core/Src/morse_data.o
 .debug_macro   0x0000000000021482      0x16c ./Core/Src/morse_data.o
 .debug_macro   0x00000000000215ee      0x213 ./Core/Src/stm32f3xx_hal_msp.o
 .debug_macro   0x0000000000021801      0x21d ./Core/Src/stm32f3xx_it.o
 .debug_macro   0x0000000000021a1e      0x204 ./Core/Src/system_stm32f3xx.o
 .debug_macro   0x0000000000021c22      0x228 ./Drivers/STM32F3xx_HAL_Driver/Src/stm32f3xx_hal.o
 .debug_macro   0x0000000000021e4a      0x22e ./Drivers/STM32F3xx_HAL_Driver/Src/stm32f3xx_hal_adc_ex.o
 .debug_macro   0x0000000000022078      0x204 ./Drivers/STM32F3xx_HAL_Driver/Src/stm32f3xx_hal_cortex.o
 .debug_macro   0x000000000002227c      0x205 ./Drivers/STM32F3xx_HAL_Driver/Src/stm32f3xx_hal_dac.o
 .debug_macro   0x0000000000022481      0x204 ./Drivers/STM32F3xx_HAL_Driver/Src/stm32f3xx_hal_dac_ex.o
 .debug_macro   0x0000000000022685      0x204 ./Drivers/STM32F3xx_HAL_Driver/Src/stm32f3xx_hal_dma.o
 .debug_macro   0x0000000000022889      0x20b ./Drivers/STM32F3xx_HAL_Driver/Src/stm32f3xx_hal_gpio.o
 .debug_macro   0x0000000000022a94      0x2d0 ./Drivers/STM32F3xx_HAL_Driver/Src/stm32f3xx_hal_i2c.o
 .debug_macro   0x0000000000022d64      0x204 ./Drivers/STM32F3xx_HAL_Driver/Src/stm32f3xx_hal_i2c_ex.o
 .debug_macro   0x0000000000022f68      0x228 ./Drivers/STM32F3xx_HAL_Driver/Src/stm32f3xx_hal_rcc.o
 .debug_macro   0x0000000000023190      0x204 ./Drivers/STM32F3xx_HAL_Driver/Src/stm32f3xx_hal_rcc_ex.o
 .debug_macro   0x0000000000023394      0x205 ./Drivers/STM32F3xx_HAL_Driver/Src/stm32f3xx_hal_tim.o
 .debug_macro   0x0000000000023599      0x204 ./Drivers/STM32F3xx_HAL_Driver/Src/stm32f3xx_hal_tim_ex.o
 .debug_macro   0x000000000002379d      0x221 ./Drivers/STM32F3xx_HAL_Driver/Src/stm32f3xx_hal_uart.o
 .debug_macro   0x00000000000239be      0x204 ./Drivers/STM32F3xx_HAL_Driver/Src/stm32f3xx_hal_uart_ex.o

.debug_line     0x0000000000000000    0x1c788
 .debug_line    0x0000000000000000      0xe99 ./Core/Src/IQS7211A.o
 .debug_line    0x0000000000000e99      0xfe6 ./Core/Src/main.o
 .debug_line    0x0000000000001e7f      0xe70 ./Core/Src/mode_emergency.o
 .debug_line    0x0000000000002cef      0xa85 ./Core/Src/mode_flahing.o
 .debug_line    0x0000000000003774      0xb51 ./Core/Src/mode_mood.o
 .debug_line    0x00000000000042c5      0x391 ./Core/Src/morse_data.o
 .debug_line    0x0000000000004656      0xa00 ./Core/Src/stm32f3xx_hal_msp.o
 .debug_line    0x0000000000005056      0x858 ./Core/Src/stm32f3xx_it.o
 .debug_line    0x00000000000058ae      0x7cc ./Core/Src/system_stm32f3xx.o
 .debug_line    0x000000000000607a       0x88 ./Core/Startup/startup_stm32f303retx.o
 .debug_line    0x0000000000006102      0x9fc ./Drivers/STM32F3xx_HAL_Driver/Src/stm32f3xx_hal.o
 .debug_line    0x0000000000006afe     0x27e2 ./Drivers/STM32F3xx_HAL_Driver/Src/stm32f3xx_hal_adc_ex.o
 .debug_line    0x00000000000092e0      0xcc1 ./Drivers/STM32F3xx_HAL_Driver/Src/stm32f3xx_hal_cortex.o
 .debug_line    0x0000000000009fa1      0x948 ./Drivers/STM32F3xx_HAL_Driver/Src/stm32f3xx_hal_dac.o
 .debug_line    0x000000000000a8e9      0xbc0 ./Drivers/STM32F3xx_HAL_Driver/Src/stm32f3xx_hal_dac_ex.o
 .debug_line    0x000000000000b4a9      0xd0e ./Drivers/STM32F3xx_HAL_Driver/Src/stm32f3xx_hal_dma.o
 .debug_line    0x000000000000c1b7      0xb83 ./Drivers/STM32F3xx_HAL_Driver/Src/stm32f3xx_hal_gpio.o
 .debug_line    0x000000000000cd3a     0x37cb ./Drivers/STM32F3xx_HAL_Driver/Src/stm32f3xx_hal_i2c.o
 .debug_line    0x0000000000010505      0x96e ./Drivers/STM32F3xx_HAL_Driver/Src/stm32f3xx_hal_i2c_ex.o
 .debug_line    0x0000000000010e73     0x13f1 ./Drivers/STM32F3xx_HAL_Driver/Src/stm32f3xx_hal_rcc.o
 .debug_line    0x0000000000012264      0xf17 ./Drivers/STM32F3xx_HAL_Driver/Src/stm32f3xx_hal_rcc_ex.o
 .debug_line    0x000000000001317b     0x3e32 ./Drivers/STM32F3xx_HAL_Driver/Src/stm32f3xx_hal_tim.o
 .debug_line    0x0000000000016fad     0x1b27 ./Drivers/STM32F3xx_HAL_Driver/Src/stm32f3xx_hal_tim_ex.o
 .debug_line    0x0000000000018ad4     0x3141 ./Drivers/STM32F3xx_HAL_Driver/Src/stm32f3xx_hal_uart.o
 .debug_line    0x000000000001bc15      0xb73 ./Drivers/STM32F3xx_HAL_Driver/Src/stm32f3xx_hal_uart_ex.o

.debug_str      0x0000000000000000    0xd9a21
 .debug_str     0x0000000000000000    0xd29e6 ./Core/Src/IQS7211A.o
                                      0xd315c (size before relaxing)
 .debug_str     0x00000000000d29e6     0x1ae2 ./Core/Src/main.o
                                      0xcf1eb (size before relaxing)
 .debug_str     0x00000000000d44c8      0xe4b ./Core/Src/mode_emergency.o
                                      0xce3f1 (size before relaxing)
 .debug_str     0x00000000000d5313       0x66 ./Core/Src/mode_flahing.o
                                      0xcd657 (size before relaxing)
 .debug_str     0x00000000000d5379       0xae ./Core/Src/mode_mood.o
                                      0xcd05a (size before relaxing)
 .debug_str     0x00000000000d5427       0x19 ./Core/Src/morse_data.o
                                       0x47fa (size before relaxing)
 .debug_str     0x00000000000d5440      0x174 ./Core/Src/stm32f3xx_hal_msp.o
                                      0xce1ad (size before relaxing)
 .debug_str     0x00000000000d55b4      0x11e ./Core/Src/stm32f3xx_it.o
                                      0xcd257 (size before relaxing)
 .debug_str     0x00000000000d56d2       0xdf ./Core/Src/system_stm32f3xx.o
                                      0xcca91 (size before relaxing)
 .debug_str     0x00000000000d57b1       0x66 ./Core/Startup/startup_stm32f303retx.o
 .debug_str     0x00000000000d5817      0x36e ./Drivers/STM32F3xx_HAL_Driver/Src/stm32f3xx_hal.o
                                      0xcd33a (size before relaxing)
 .debug_str     0x00000000000d5b85      0x816 ./Drivers/STM32F3xx_HAL_Driver/Src/stm32f3xx_hal_adc_ex.o
                                      0xcd797 (size before relaxing)
 .debug_str     0x00000000000d639b      0x31b ./Drivers/STM32F3xx_HAL_Driver/Src/stm32f3xx_hal_cortex.o
                                      0xcd38c (size before relaxing)
 .debug_str     0x00000000000d66b6      0x13a ./Drivers/STM32F3xx_HAL_Driver/Src/stm32f3xx_hal_dac.o
                                      0xcce95 (size before relaxing)
 .debug_str     0x00000000000d67f0      0x1a5 ./Drivers/STM32F3xx_HAL_Driver/Src/stm32f3xx_hal_dac_ex.o
                                      0xccf9e (size before relaxing)
 .debug_str     0x00000000000d6995      0x229 ./Drivers/STM32F3xx_HAL_Driver/Src/stm32f3xx_hal_dma.o
                                      0xccdd9 (size before relaxing)
 .debug_str     0x00000000000d6bbe      0x113 ./Drivers/STM32F3xx_HAL_Driver/Src/stm32f3xx_hal_gpio.o
                                      0xccc76 (size before relaxing)
 .debug_str     0x00000000000d6cd1      0xdff ./Drivers/STM32F3xx_HAL_Driver/Src/stm32f3xx_hal_i2c.o
                                      0xcdd94 (size before relaxing)
 .debug_str     0x00000000000d7ad0       0xb8 ./Drivers/STM32F3xx_HAL_Driver/Src/stm32f3xx_hal_i2c_ex.o
                                      0xcd03e (size before relaxing)
 .debug_str     0x00000000000d7b88      0x2cd ./Drivers/STM32F3xx_HAL_Driver/Src/stm32f3xx_hal_rcc.o
                                      0xccf35 (size before relaxing)
 .debug_str     0x00000000000d7e55       0xbe ./Drivers/STM32F3xx_HAL_Driver/Src/stm32f3xx_hal_rcc_ex.o
                                      0xccd7f (size before relaxing)
 .debug_str     0x00000000000d7f13      0xd46 ./Drivers/STM32F3xx_HAL_Driver/Src/stm32f3xx_hal_tim.o
                                      0xcdeb8 (size before relaxing)
 .debug_str     0x00000000000d8c59      0x402 ./Drivers/STM32F3xx_HAL_Driver/Src/stm32f3xx_hal_tim_ex.o
                                      0xcd70e (size before relaxing)
 .debug_str     0x00000000000d905b      0x80e ./Drivers/STM32F3xx_HAL_Driver/Src/stm32f3xx_hal_uart.o
                                      0xcd7b4 (size before relaxing)
 .debug_str     0x00000000000d9869      0x1b8 ./Drivers/STM32F3xx_HAL_Driver/Src/stm32f3xx_hal_uart_ex.o
                                      0xcd0b9 (size before relaxing)

.comment        0x0000000000000000       0x50
 .comment       0x0000000000000000       0x50 ./Core/Src/IQS7211A.o
                                         0x51 (size before relaxing)
 .comment       0x0000000000000050       0x51 ./Core/Src/main.o
 .comment       0x0000000000000050       0x51 ./Core/Src/mode_emergency.o
 .comment       0x0000000000000050       0x51 ./Core/Src/mode_flahing.o
 .comment       0x0000000000000050       0x51 ./Core/Src/mode_mood.o
 .comment       0x0000000000000050       0x51 ./Core/Src/morse_data.o
 .comment       0x0000000000000050       0x51 ./Core/Src/stm32f3xx_hal_msp.o
 .comment       0x0000000000000050       0x51 ./Core/Src/stm32f3xx_it.o
 .comment       0x0000000000000050       0x51 ./Core/Src/system_stm32f3xx.o
 .comment       0x0000000000000050       0x51 ./Drivers/STM32F3xx_HAL_Driver/Src/stm32f3xx_hal.o
 .comment       0x0000000000000050       0x51 ./Drivers/STM32F3xx_HAL_Driver/Src/stm32f3xx_hal_adc_ex.o
 .comment       0x0000000000000050       0x51 ./Drivers/STM32F3xx_HAL_Driver/Src/stm32f3xx_hal_cortex.o
 .comment       0x0000000000000050       0x51 ./Drivers/STM32F3xx_HAL_Driver/Src/stm32f3xx_hal_dac.o
 .comment       0x0000000000000050       0x51 ./Drivers/STM32F3xx_HAL_Driver/Src/stm32f3xx_hal_dac_ex.o
 .comment       0x0000000000000050       0x51 ./Drivers/STM32F3xx_HAL_Driver/Src/stm32f3xx_hal_dma.o
 .comment       0x0000000000000050       0x51 ./Drivers/STM32F3xx_HAL_Driver/Src/stm32f3xx_hal_gpio.o
 .comment       0x0000000000000050       0x51 ./Drivers/STM32F3xx_HAL_Driver/Src/stm32f3xx_hal_i2c.o
 .comment       0x0000000000000050       0x51 ./Drivers/STM32F3xx_HAL_Driver/Src/stm32f3xx_hal_i2c_ex.o
 .comment       0x0000000000000050       0x51 ./Drivers/STM32F3xx_HAL_Driver/Src/stm32f3xx_hal_rcc.o
 .comment       0x0000000000000050       0x51 ./Drivers/STM32F3xx_HAL_Driver/Src/stm32f3xx_hal_rcc_ex.o
 .comment       0x0000000000000050       0x51 ./Drivers/STM32F3xx_HAL_Driver/Src/stm32f3xx_hal_tim.o
 .comment       0x0000000000000050       0x51 ./Drivers/STM32F3xx_HAL_Driver/Src/stm32f3xx_hal_tim_ex.o
 .comment       0x0000000000000050       0x51 ./Drivers/STM32F3xx_HAL_Driver/Src/stm32f3xx_hal_uart.o
 .comment       0x0000000000000050       0x51 ./Drivers/STM32F3xx_HAL_Driver/Src/stm32f3xx_hal_uart_ex.o

.debug_frame    0x0000000000000000     0x5cb4
 .debug_frame   0x0000000000000000      0x370 ./Core/Src/IQS7211A.o
 .debug_frame   0x0000000000000370      0x238 ./Core/Src/main.o
 .debug_frame   0x00000000000005a8      0x254 ./Core/Src/mode_emergency.o
 .debug_frame   0x00000000000007fc      0x1ec ./Core/Src/mode_flahing.o
 .debug_frame   0x00000000000009e8      0x1f0 ./Core/Src/mode_mood.o