../Core/Src/IQS7211A.c:37:9:getReadyPinState	8	static
../Core/Src/IQS7211A.c:43:6:hwReset	8	static
../Core/Src/IQS7211A.c:52:6:writeRandomBytes	40	static
../Core/Src/IQS7211A.c:72:6:readRandomBytes	32	static
../Core/Src/IQS7211A.c:83:9:readGestureData	16	static
../Core/Src/IQS7211A.c:90:6:processGestureData	24	static
../Core/Src/IQS7211A.c:161:13:getGestureType	16	static
../Core/Src/IQS7211A.c:171:6:getGestureCoordinates	16	static
../Core/Src/IQS7211A.c:182:6:getProductNum	16	static
../Core/Src/IQS7211A.c:203:6:setEventMode	4	static
../Core/Src/IQS7211A.c:208:9:checkReset	16	static
../Core/Src/IQS7211A.c:225:6:swReset	16	static
../Core/Src/IQS7211A.c:237:6:acknowledgeReset	16	static
../Core/Src/IQS7211A.c:249:9:getSoftwareMajorNum	16	static
../Core/Src/IQS7211A.c:258:9:getSoftwareMinorNum	16	static
../Core/Src/IQS7211A.c:267:6:TP_ReATI	16	static
../Core/Src/IQS7211A.c:281:6:enableGestureEvent	16	static
../Core/Src/IQS7211A.c:293:6:enableGestures	16	static
../Core/Src/IQS7211A.c:305:6:updateGestures	16	static
../Core/Src/IQS7211A.c:348:6:enableTPEvent	16	static
../Core/Src/IQS7211A.c:361:6:updateAbsCoordinates	16	static
../Core/Src/IQS7211A.c:375:10:getAbsYCoordinate	16	static
../Core/Src/IQS7211A.c:392:10:getAbsXCoordinate	16	static
../Core/Src/IQS7211A.c:410:6:writeMM	40	static
