../Core/Src/main.c:235:5:main	152	static
../Core/Src/main.c:544:6:SystemClock_Config	160	static
../Core/Src/main.c:601:13:MX_ADC1_Init	48	static
../Core/Src/main.c:667:13:MX_DAC1_Init	24	static
../Core/Src/main.c:707:13:MX_I2C1_Init	8	static
../Core/Src/main.c:755:13:MX_TIM1_Init	96	static
../Core/Src/main.c:825:13:MX_TIM2_Init	64	static
../Core/Src/main.c:892:13:MX_TIM4_Init	40	static
../Core/Src/main.c:937:13:MX_TIM15_Init	112	static
../Core/Src/main.c:1013:13:MX_TIM16_Init	80	static
../Core/Src/main.c:1076:13:MX_USART2_UART_Init	8	static
../Core/Src/main.c:1111:13:MX_GPIO_Init	48	static
../Core/Src/main.c:1181:6:HAL_GPIO_EXTI_Callback	24	static
../Core/Src/main.c:1206:6:HAL_UART_RxCpltCallback	16	static
../Core/Src/main.c:1244:6:initTrackpad	8	static
../Core/Src/main.c:1283:6:Error_Handler	4	static
