../Core/Src/mode_mood.c:30:6:STATE2_OnEnter	8	static
../Core/Src/mode_mood.c:46:6:STATE2_OnEnterUart	4	static
../Core/Src/mode_mood.c:51:6:STATE2_OnExit	8	static
../Core/Src/mode_mood.c:64:6:STATE2_OnButtonEvt	16	static
../Core/Src/mode_mood.c:92:6:STATE2_OnInit	4	static
../Core/Src/mode_mood.c:104:6:STATE2_SetConfig	24	static
../Core/Src/mode_mood.c:138:6:STATE2_GetConfig	16	static
../Core/Src/mode_mood.c:161:6:STATE2_SliderVal	16	static
../Core/Src/mode_mood.c:167:6:STATE2_ApplySettings	4	static
../Core/Src/mode_mood.c:173:6:STATE2_OnHold	8	static
../Core/Src/mode_mood.c:196:6:STATE2_OnTap	24	static
../Core/Src/mode_mood.c:226:6:STATE2_OnSlide	16	static
../Core/Src/mode_mood.c:231:6:STATE2_SetIntensity	16	static
../Core/Src/mode_mood.c:236:6:STATE2_Housekeep	4	static
