../Core/Src/mode_flahing.c:27:6:STATE1_ApplySettings	16	static
../Core/Src/mode_flahing.c:40:6:STATE1_OnEnter	8	static
../Core/Src/mode_flahing.c:55:6:STATE1_OnExit	8	static
../Core/Src/mode_flahing.c:82:6:STATE1_SetConfig	24	static
../Core/Src/mode_flahing.c:110:6:STATE1_GetConfig	16	static
../Core/Src/mode_flahing.c:133:6:STATE1_OnInit	4	static
../Core/Src/mode_flahing.c:144:6:STATE1_OnButtonEvt	16	static
../Core/Src/mode_flahing.c:161:6:STATE1_OnHold	8	static
../Core/Src/mode_flahing.c:173:6:STATE1_SliderVal	16	static
../Core/Src/mode_flahing.c:179:6:STATE1_Housekeep	4	static
../Core/Src/mode_flahing.c:185:6:STATE1_OnTap	16	static
../Core/Src/mode_flahing.c:192:6:STATE1_OnSlide	16	static
../Core/Src/mode_flahing.c:197:6:STATE1_OnEnterUart	4	static
../Core/Src/mode_flahing.c:203:6:STATE1_SetIntensity	16	static
