../Core/Src/mode_emergency.c:62:6:STATE3_SetIntensity	16	static
../Core/Src/mode_emergency.c:72:6:STATE3_ApplySettings	16	static
../Core/Src/mode_emergency.c:81:6:STATE3_OnEnter	8	static
../Core/Src/mode_emergency.c:100:6:STATE3_OnEnterUart	4	static
../Core/Src/mode_emergency.c:117:6:STATE3_OnExit	8	static
../Core/Src/mode_emergency.c:129:6:STATE3_OnInit	4	static
../Core/Src/mode_emergency.c:143:6:STATE3_OnButtonEvt	16	static
../Core/Src/mode_emergency.c:222:6:STATE3_SetConfig	32	static
../Core/Src/mode_emergency.c:295:6:STATE3_GetConfig	16	static
../Core/Src/mode_emergency.c:333:6:STATE3_SliderVal	16	static
../Core/Src/mode_emergency.c:339:6:STATE3_OnHold	8	static
../Core/Src/mode_emergency.c:375:6:STATE3_OnSlide	16	static
../Core/Src/mode_emergency.c:380:6:STATE3_OnTap	16	static
../Core/Src/mode_emergency.c:417:6:STATE3_Housekeep	16	static
../Core/Src/mode_emergency.c:488:6:activateMorseMode	16	static
../Core/Src/mode_emergency.c:522:6:activateStrobeMode	8	static
../Core/Src/mode_emergency.c:537:6:updateMorseBinary	40	static
